Archive member included to satisfy reference by file (symbol)

c:/st/stm32cubeide_1.2.0/stm32cubeide/plugins/com.st.stm32cube.ide.mcu.externaltools.gnu-tools-for-stm32.7-2018-q2-update.win32_1.0.0.201904181610/tools/bin/../lib/gcc/arm-none-eabi/7.3.1/../../../../arm-none-eabi/lib/thumb/v7e-m/fpv4-sp/hard\libc_nano.a(lib_a-errno.o)
                              Core/Src/syscalls.o (__errno)
c:/st/stm32cubeide_1.2.0/stm32cubeide/plugins/com.st.stm32cube.ide.mcu.externaltools.gnu-tools-for-stm32.7-2018-q2-update.win32_1.0.0.201904181610/tools/bin/../lib/gcc/arm-none-eabi/7.3.1/../../../../arm-none-eabi/lib/thumb/v7e-m/fpv4-sp/hard\libc_nano.a(lib_a-exit.o)
                              c:/st/stm32cubeide_1.2.0/stm32cubeide/plugins/com.st.stm32cube.ide.mcu.externaltools.gnu-tools-for-stm32.7-2018-q2-update.win32_1.0.0.201904181610/tools/bin/../lib/gcc/arm-none-eabi/7.3.1/../../../../arm-none-eabi/lib/thumb/v7e-m/fpv4-sp/hard/crt0.o (exit)
c:/st/stm32cubeide_1.2.0/stm32cubeide/plugins/com.st.stm32cube.ide.mcu.externaltools.gnu-tools-for-stm32.7-2018-q2-update.win32_1.0.0.201904181610/tools/bin/../lib/gcc/arm-none-eabi/7.3.1/../../../../arm-none-eabi/lib/thumb/v7e-m/fpv4-sp/hard\libc_nano.a(lib_a-impure.o)
                              c:/st/stm32cubeide_1.2.0/stm32cubeide/plugins/com.st.stm32cube.ide.mcu.externaltools.gnu-tools-for-stm32.7-2018-q2-update.win32_1.0.0.201904181610/tools/bin/../lib/gcc/arm-none-eabi/7.3.1/../../../../arm-none-eabi/lib/thumb/v7e-m/fpv4-sp/hard\libc_nano.a(lib_a-exit.o) (_global_impure_ptr)
c:/st/stm32cubeide_1.2.0/stm32cubeide/plugins/com.st.stm32cube.ide.mcu.externaltools.gnu-tools-for-stm32.7-2018-q2-update.win32_1.0.0.201904181610/tools/bin/../lib/gcc/arm-none-eabi/7.3.1/../../../../arm-none-eabi/lib/thumb/v7e-m/fpv4-sp/hard\libc_nano.a(lib_a-init.o)
                              c:/st/stm32cubeide_1.2.0/stm32cubeide/plugins/com.st.stm32cube.ide.mcu.externaltools.gnu-tools-for-stm32.7-2018-q2-update.win32_1.0.0.201904181610/tools/bin/../lib/gcc/arm-none-eabi/7.3.1/../../../../arm-none-eabi/lib/thumb/v7e-m/fpv4-sp/hard/crt0.o (__libc_init_array)
c:/st/stm32cubeide_1.2.0/stm32cubeide/plugins/com.st.stm32cube.ide.mcu.externaltools.gnu-tools-for-stm32.7-2018-q2-update.win32_1.0.0.201904181610/tools/bin/../lib/gcc/arm-none-eabi/7.3.1/../../../../arm-none-eabi/lib/thumb/v7e-m/fpv4-sp/hard\libc_nano.a(lib_a-memset.o)
                              c:/st/stm32cubeide_1.2.0/stm32cubeide/plugins/com.st.stm32cube.ide.mcu.externaltools.gnu-tools-for-stm32.7-2018-q2-update.win32_1.0.0.201904181610/tools/bin/../lib/gcc/arm-none-eabi/7.3.1/../../../../arm-none-eabi/lib/thumb/v7e-m/fpv4-sp/hard/crt0.o (memset)
c:/st/stm32cubeide_1.2.0/stm32cubeide/plugins/com.st.stm32cube.ide.mcu.externaltools.gnu-tools-for-stm32.7-2018-q2-update.win32_1.0.0.201904181610/tools/bin/../lib/gcc/arm-none-eabi/7.3.1/../../../../arm-none-eabi/lib/thumb/v7e-m/fpv4-sp/hard\libm.a(lib_a-sf_cos.o)
                              Core/lib/modules/odometrija/odometrija.o (cosf)
c:/st/stm32cubeide_1.2.0/stm32cubeide/plugins/com.st.stm32cube.ide.mcu.externaltools.gnu-tools-for-stm32.7-2018-q2-update.win32_1.0.0.201904181610/tools/bin/../lib/gcc/arm-none-eabi/7.3.1/../../../../arm-none-eabi/lib/thumb/v7e-m/fpv4-sp/hard\libm.a(lib_a-sf_sin.o)
                              Core/lib/modules/odometrija/odometrija.o (sinf)
c:/st/stm32cubeide_1.2.0/stm32cubeide/plugins/com.st.stm32cube.ide.mcu.externaltools.gnu-tools-for-stm32.7-2018-q2-update.win32_1.0.0.201904181610/tools/bin/../lib/gcc/arm-none-eabi/7.3.1/../../../../arm-none-eabi/lib/thumb/v7e-m/fpv4-sp/hard\libm.a(lib_a-wf_atan2.o)
                              Core/lib/modules/pozicija/pozicija.o (atan2f)
c:/st/stm32cubeide_1.2.0/stm32cubeide/plugins/com.st.stm32cube.ide.mcu.externaltools.gnu-tools-for-stm32.7-2018-q2-update.win32_1.0.0.201904181610/tools/bin/../lib/gcc/arm-none-eabi/7.3.1/../../../../arm-none-eabi/lib/thumb/v7e-m/fpv4-sp/hard\libm.a(lib_a-wf_sqrt.o)
                              Core/lib/modules/pozicija/pozicija.o (sqrtf)
c:/st/stm32cubeide_1.2.0/stm32cubeide/plugins/com.st.stm32cube.ide.mcu.externaltools.gnu-tools-for-stm32.7-2018-q2-update.win32_1.0.0.201904181610/tools/bin/../lib/gcc/arm-none-eabi/7.3.1/../../../../arm-none-eabi/lib/thumb/v7e-m/fpv4-sp/hard\libm.a(lib_a-ef_atan2.o)
                              c:/st/stm32cubeide_1.2.0/stm32cubeide/plugins/com.st.stm32cube.ide.mcu.externaltools.gnu-tools-for-stm32.7-2018-q2-update.win32_1.0.0.201904181610/tools/bin/../lib/gcc/arm-none-eabi/7.3.1/../../../../arm-none-eabi/lib/thumb/v7e-m/fpv4-sp/hard\libm.a(lib_a-wf_atan2.o) (__ieee754_atan2f)
c:/st/stm32cubeide_1.2.0/stm32cubeide/plugins/com.st.stm32cube.ide.mcu.externaltools.gnu-tools-for-stm32.7-2018-q2-update.win32_1.0.0.201904181610/tools/bin/../lib/gcc/arm-none-eabi/7.3.1/../../../../arm-none-eabi/lib/thumb/v7e-m/fpv4-sp/hard\libm.a(lib_a-ef_rem_pio2.o)
[...]
Memory Configuration

Name             Origin             Length             Attributes
RAM              0x0000000020000000 0x0000000000018000 xrw
FLASH            0x0000000008000000 0x0000000000080000 xr
*default*        0x0000000000000000 0xffffffffffffffff

Linker script and memory map

LOAD c:/st/stm32cubeide_1.2.0/stm32cubeide/plugins/com.st.stm32cube.ide.mcu.externaltools.gnu-tools-for-stm32.7-2018-q2-update.win32_1.0.0.201904181610/tools/bin/../lib/gcc/arm-none-eabi/7.3.1/thumb/v7e-m/fpv4-sp/hard/crti.o
LOAD c:/st/stm32cubeide_1.2.0/stm32cubeide/plugins/com.st.stm32cube.ide.mcu.externaltools.gnu-tools-for-stm32.7-2018-q2-update.win32_1.0.0.201904181610/tools/bin/../lib/gcc/arm-none-eabi/7.3.1/thumb/v7e-m/fpv4-sp/hard/crtbegin.o
LOAD c:/st/stm32cubeide_1.2.0/stm32cubeide/plugins/com.st.stm32cube.ide.mcu.externaltools.gnu-tools-for-stm32.7-2018-q2-update.win32_1.0.0.201904181610/tools/bin/../lib/gcc/arm-none-eabi/7.3.1/../../../../arm-none-eabi/lib/thumb/v7e-m/fpv4-sp/hard/crt0.o
LOAD Core/Src/gpio.o
LOAD Core/Src/main.o
LOAD Core/Src/stm32f4xx_hal_msp.o
LOAD Core/Src/stm32f4xx_it.o
LOAD Core/Src/syscalls.o
LOAD Core/Src/sysmem.o
LOAD Core/Src/system_stm32f4xx.o
LOAD Core/Src/tim.o
LOAD Core/Src/usart.o
LOAD Core/Src/user_main.o
LOAD Core/Startup/startup_stm32f401retx.o
LOAD Core/lib/modules/ax12/ax12.o
LOAD Core/lib/modules/odometrija/odometrija.o
LOAD Core/lib/modules/pogon/pogon.o
LOAD Core/lib/modules/pozicija/pozicija.o
LOAD Core/lib/peripheries/encoder/encoder.o
LOAD Core/lib/peripheries/timer/timer.o
LOAD Drivers/STM32F4xx_HAL_Driver/Src/stm32f4xx_hal.o
LOAD Drivers/STM32F4xx_HAL_Driver/Src/stm32f4xx_hal_cortex.o
LOAD Drivers/STM32F4xx_HAL_Driver/Src/stm32f4xx_hal_dma.o
LOAD Drivers/STM32F4xx_HAL_Driver/Src/stm32f4xx_hal_dma_ex.o
LOAD Drivers/STM32F4xx_HAL_Driver/Src/stm32f4xx_hal_exti.o
LOAD Drivers/STM32F4xx_HAL_Driver/Src/stm32f4xx_hal_flash.o
LOAD Drivers/STM32F4xx_HAL_Driver/Src/stm32f4xx_hal_flash_ex.o
LOAD Drivers/STM32F4xx_HAL_Driver/Src/stm32f4xx_hal_flash_ramfunc.o
LOAD Drivers/STM32F4xx_HAL_Driver/Src/stm32f4xx_hal_gpio.o
LOAD Drivers/STM32F4xx_HAL_Driver/Src/stm32f4xx_hal_pwr.o
LOAD Drivers/STM32F4xx_HAL_Driver/Src/stm32f4xx_hal_pwr_ex.o
LOAD Drivers/STM32F4xx_HAL_Driver/Src/stm32f4xx_hal_rcc.o
LOAD Drivers/STM32F4xx_HAL_Driver/Src/stm32f4xx_hal_rcc_ex.o
LOAD Drivers/STM32F4xx_HAL_Driver/Src/stm32f4xx_hal_tim.o
LOAD Drivers/STM32F4xx_HAL_Driver/Src/stm32f4xx_hal_tim_ex.o
LOAD Drivers/STM32F4xx_HAL_Driver/Src/stm32f4xx_hal_uart.o
START GROUP
LOAD c:/st/stm32cubeide_1.2.0/stm32cubeide/plugins/com.st.stm32cube.ide.mcu.externaltools.gnu-tools-for-stm32.7-2018-q2-update.win32_1.0.0.201904181610/tools/bin/../lib/gcc/arm-none-eabi/7.3.1/../../../../arm-none-eabi/lib/thumb/v7e-m/fpv4-sp/hard\libc_nano.a
LOAD c:/st/stm32cubeide_1.2.0/stm32cubeide/plugins/com.st.stm32cube.ide.mcu.externaltools.gnu-tools-for-stm32.7-2018-q2-update.win32_1.0.0.201904181610/tools/bin/../lib/gcc/arm-none-eabi/7.3.1/../../../../arm-none-eabi/lib/thumb/v7e-m/fpv4-sp/hard\libm.a
END GROUP
START GROUP
LOAD c:/st/stm32cubeide_1.2.0/stm32cubeide/plugins/com.st.stm32cube.ide.mcu.externaltools.gnu-tools-for-stm32.7-2018-q2-update.win32_1.0.0.201904181610/tools/bin/../lib/gcc/arm-none-eabi/7.3.1/thumb/v7e-m/fpv4-sp/hard\libgcc.a
LOAD c:/st/stm32cubeide_1.2.0/stm32cubeide/plugins/com.st.stm32cube.ide.mcu.externaltools.gnu-tools-for-stm32.7-2018-q2-update.win32_1.0.0.201904181610/tools/bin/../lib/gcc/arm-none-eabi/7.3.1/../../../../arm-none-eabi/lib/thumb/v7e-m/fpv4-sp/hard\libc_nano.a
END GROUP
START GROUP
LOAD c:/st/stm32cubeide_1.2.0/stm32cubeide/plugins/com.st.stm32cube.ide.mcu.externaltools.gnu-tools-for-stm32.7-2018-q2-update.win32_1.0.0.201904181610/tools/bin/../lib/gcc/arm-none-eabi/7.3.1/thumb/v7e-m/fpv4-sp/hard\libgcc.a
LOAD c:/st/stm32cubeide_1.2.0/stm32cubeide/plugins/com.st.stm32cube.ide.mcu.externaltools.gnu-tools-for-stm32.7-2018-q2-update.win32_1.0.0.201904181610/tools/bin/../lib/gcc/arm-none-eabi/7.3.1/../../../../arm-none-eabi/lib/thumb/v7e-m/fpv4-sp/hard\libc_nano.a
LOAD c:/st/stm32cubeide_1.2.0/stm32cubeide/plugins/com.st.stm32cube.ide.mcu.externaltools.gnu-tools-for-stm32.7-2018-q2-update.win32_1.0.0.201904181610/tools/bin/../lib/gcc/arm-none-eabi/7.3.1/../../../../arm-none-eabi/lib/thumb/v7e-m/fpv4-sp/hard\libnosys.a
END GROUP
START GROUP
LOAD c:/st/stm32cubeide_1.2.0/stm32cubeide/plugins/com.st.stm32cube.ide.mcu.externaltools.gnu-tools-for-stm32.7-2018-q2-update.win32_1.0.0.201904181610/tools/bin/../lib/gcc/arm-none-eabi/7.3.1/thumb/v7e-m/fpv4-sp/hard\libgcc.a
LOAD c:/st/stm32cubeide_1.2.0/stm32cubeide/plugins/com.st.stm32cube.ide.mcu.externaltools.gnu-tools-for-stm32.7-2018-q2-update.win32_1.0.0.201904181610/tools/bin/../lib/gcc/arm-none-eabi/7.3.1/../../../../arm-none-eabi/lib/thumb/v7e-m/fpv4-sp/hard\libc_nano.a
LOAD c:/st/stm32cubeide_1.2.0/stm32cubeide/plugins/com.st.stm32cube.ide.mcu.externaltools.gnu-tools-for-stm32.7-2018-q2-update.win32_1.0.0.201904181610/tools/bin/../lib/gcc/arm-none-eabi/7.3.1/../../../../arm-none-eabi/lib/thumb/v7e-m/fpv4-sp/hard\libnosys.a
END GROUP
LOAD c:/st/stm32cubeide_1.2.0/stm32cubeide/plugins/com.st.stm32cube.ide.mcu.externaltools.gnu-tools-for-stm32.7-2018-q2-update.win32_1.0.0.201904181610/tools/bin/../lib/gcc/arm-none-eabi/7.3.1/thumb/v7e-m/fpv4-sp/hard/crtend.o
LOAD c:/st/stm32cubeide_1.2.0/stm32cubeide/plugins/com.st.stm32cube.ide.mcu.externaltools.gnu-tools-for-stm32.7-2018-q2-update.win32_1.0.0.201904181610/tools/bin/../lib/gcc/arm-none-eabi/7.3.1/thumb/v7e-m/fpv4-sp/hard/crtn.o
                0x0000000020018000                _estack = (ORIGIN (RAM) + LENGTH (RAM))
                0x0000000000000200                _Min_Heap_Size = 0x200
                0x0000000000000400                _Min_Stack_Size = 0x400

.isr_vector     0x0000000008000000      0x194
                0x0000000008000000                . = ALIGN (0x4)
 *(.isr_vector)
 .isr_vector    0x0000000008000000      0x194 Core/Startup/startup_stm32f401retx.o
                0x0000000008000000                g_pfnVectors
                0x0000000008000194                . = ALIGN (0x4)

.text           0x0000000008000198     0x60c4
                0x0000000008000198                . = ALIGN (0x4)
 *(.text)
 .text          0x0000000008000198       0x40 c:/st/stm32cubeide_1.2.0/stm32cubeide/plugins/com.st.stm32cube.ide.mcu.externaltools.gnu-tools-for-stm32.7-2018-q2-update.win32_1.0.0.201904181610/tools/bin/../lib/gcc/arm-none-eabi/7.3.1/thumb/v7e-m/fpv4-sp/hard/crtbegin.o
 .text          0x00000000080001d8      0x378 c:/st/stm32cubeide_1.2.0/stm32cubeide/plugins/com.st.stm32cube.ide.mcu.externaltools.gnu-tools-for-stm32.7-2018-q2-update.win32_1.0.0.201904181610/tools/bin/../lib/gcc/arm-none-eabi/7.3.1/thumb/v7e-m/fpv4-sp/hard\libgcc.a(_arm_addsubdf3.o)
                0x00000000080001d8                __aeabi_drsub
                0x00000000080001e0                __aeabi_dsub
                0x00000000080001e0                __subdf3
                0x00000000080001e4                __aeabi_dadd
                0x00000000080001e4                __adddf3
                0x000000000800045c                __floatunsidf
                0x000000000800045c                __aeabi_ui2d
                0x000000000800047c                __floatsidf
                0x000000000800047c                __aeabi_i2d
                0x00000000080004a0                __aeabi_f2d
                0x00000000080004a0                __extendsfdf2
                0x00000000080004e4                __floatundidf
                0x00000000080004e4                __aeabi_ul2d
                0x00000000080004f4                __floatdidf
                0x00000000080004f4                __aeabi_l2d
 .text          0x0000000008000550      0x424 c:/st/stm32cubeide_1.2.0/stm32cubeide/plugins/com.st.stm32cube.ide.mcu.externaltools.gnu-tools-for-stm32.7-2018-q2-update.win32_1.0.0.201904181610/tools/bin/../lib/gcc/arm-none-eabi/7.3.1/thumb/v7e-m/fpv4-sp/hard\libgcc.a(_arm_muldivdf3.o)
                0x0000000008000550                __aeabi_dmul
                0x0000000008000550                __muldf3
                0x00000000080007a4                __divdf3
                0x00000000080007a4                __aeabi_ddiv
 .text          0x0000000008000974      0x110 c:/st/stm32cubeide_1.2.0/stm32cubeide/plugins/com.st.stm32cube.ide.mcu.externaltools.gnu-tools-for-stm32.7-2018-q2-update.win32_1.0.0.201904181610/tools/bin/../lib/gcc/arm-none-eabi/7.3.1/thumb/v7e-m/fpv4-sp/hard\libgcc.a(_arm_cmpdf2.o)
                0x0000000008000974                __gtdf2
                0x0000000008000974                __gedf2
                0x000000000800097c                __ltdf2
                0x000000000800097c                __ledf2
                0x0000000008000984                __nedf2
                0x0000000008000984                __eqdf2
                0x0000000008000984                __cmpdf2
                0x0000000008000a00                __aeabi_cdrcmple
                0x0000000008000a10                __aeabi_cdcmpeq
                0x0000000008000a10                __aeabi_cdcmple
                0x0000000008000a20                __aeabi_dcmpeq
                0x0000000008000a34                __aeabi_dcmplt
                0x0000000008000a48                __aeabi_dcmple
                0x0000000008000a5c                __aeabi_dcmpge
                0x0000000008000a70                __aeabi_dcmpgt
 .text          0x0000000008000a84       0x40 c:/st/stm32cubeide_1.2.0/stm32cubeide/plugins/com.st.stm32cube.ide.mcu.externaltools.gnu-tools-for-stm32.7-2018-q2-update.win32_1.0.0.201904181610/tools/bin/../lib/gcc/arm-none-eabi/7.3.1/thumb/v7e-m/fpv4-sp/hard\libgcc.a(_arm_fixunsdfsi.o)
                0x0000000008000a84                __aeabi_d2uiz
                0x0000000008000a84                __fixunsdfsi
 .text          0x0000000008000ac4       0xa0 c:/st/stm32cubeide_1.2.0/stm32cubeide/plugins/com.st.stm32cube.ide.mcu.externaltools.gnu-tools-for-stm32.7-2018-q2-update.win32_1.0.0.201904181610/tools/bin/../lib/gcc/arm-none-eabi/7.3.1/thumb/v7e-m/fpv4-sp/hard\libgcc.a(_arm_truncdfsf2.o)
                0x0000000008000ac4                __truncdfsf2
                0x0000000008000ac4                __aeabi_d2f
 .text          0x0000000008000b64       0x30 c:/st/stm32cubeide_1.2.0/stm32cubeide/plugins/com.st.stm32cube.ide.mcu.externaltools.gnu-tools-for-stm32.7-2018-q2-update.win32_1.0.0.201904181610/tools/bin/../lib/gcc/arm-none-eabi/7.3.1/thumb/v7e-m/fpv4-sp/hard\libgcc.a(_aeabi_uldivmod.o)
                0x0000000008000b64                __aeabi_uldivmod
 .text          0x0000000008000b94      0x2cc c:/st/stm32cubeide_1.2.0/stm32cubeide/plugins/com.st.stm32cube.ide.mcu.externaltools.gnu-tools-for-stm32.7-2018-q2-update.win32_1.0.0.201904181610/tools/bin/../lib/gcc/arm-none-eabi/7.3.1/thumb/v7e-m/fpv4-sp/hard\libgcc.a(_udivmoddi4.o)
                0x0000000008000b94                __udivmoddi4
 .text          0x0000000008000e60        0x4 c:/st/stm32cubeide_1.2.0/stm32cubeide/plugins/com.st.stm32cube.ide.mcu.externaltools.gnu-tools-for-stm32.7-2018-q2-update.win32_1.0.0.201904181610/tools/bin/../lib/gcc/arm-none-eabi/7.3.1/thumb/v7e-m/fpv4-sp/hard\libgcc.a(_dvmd_tls.o)
                0x0000000008000e60                __aeabi_idiv0
                0x0000000008000e60                __aeabi_ldiv0
 *(.text*)
 .text.MX_GPIO_Init
                0x0000000008000e64      0x15c Core/Src/gpio.o
                0x0000000008000e64                MX_GPIO_Init
 .text.main     0x0000000008000fc0       0x2e Core/Src/main.o
                0x0000000008000fc0                main
 *fill*         0x0000000008000fee        0x2 
 .text.SystemClock_Config
                0x0000000008000ff0       0xd4 Core/Src/main.o
                0x0000000008000ff0                SystemClock_Config
 .text.Error_Handler
                0x00000000080010c4        0xe Core/Src/main.o
                0x00000000080010c4                Error_Handler
 *fill*         0x00000000080010d2        0x2 
 .text.HAL_MspInit
                0x00000000080010d4       0x50 Core/Src/stm32f4xx_hal_msp.o
                0x00000000080010d4                HAL_MspInit
 .text.NMI_Handler
                0x0000000008001124        0xe Core/Src/stm32f4xx_it.o
                0x0000000008001124                NMI_Handler
 .text.HardFault_Handler
                0x0000000008001132        0x6 Core/Src/stm32f4xx_it.o
                0x0000000008001132                HardFault_Handler
 .text.MemManage_Handler
                0x0000000008001138        0x6 Core/Src/stm32f4xx_it.o
                0x0000000008001138                MemManage_Handler
 .text.BusFault_Handler
                0x000000000800113e        0x6 Core/Src/stm32f4xx_it.o
                0x000000000800113e                BusFault_Handler
 .text.UsageFault_Handler
                0x0000000008001144        0x6 Core/Src/stm32f4xx_it.o
                0x0000000008001144                UsageFault_Handler
 .text.SVC_Handler
                0x000000000800114a        0xe Core/Src/stm32f4xx_it.o
                0x000000000800114a                SVC_Handler
 .text.DebugMon_Handler
                0x0000000008001158        0xe Core/Src/stm32f4xx_it.o
                0x0000000008001158                DebugMon_Handler
 .text.PendSV_Handler
                0x0000000008001166        0xe Core/Src/stm32f4xx_it.o
                0x0000000008001166                PendSV_Handler
 .text.SysTick_Handler
                0x0000000008001174        0xc Core/Src/stm32f4xx_it.o
                0x0000000008001174                SysTick_Handler
 .text.TIM1_UP_TIM10_IRQHandler
                0x0000000008001180       0x14 Core/Src/stm32f4xx_it.o
                0x0000000008001180                TIM1_UP_TIM10_IRQHandler
 .text.SystemInit
                0x0000000008001194       0x2c Core/Src/system_stm32f4xx.o
                0x0000000008001194                SystemInit
 .text.MX_TIM1_Init
                0x00000000080011c0       0xa0 Core/Src/tim.o
                0x00000000080011c0                MX_TIM1_Init
 .text.MX_TIM2_Init
                0x0000000008001260       0xa8 Core/Src/tim.o
                0x0000000008001260                MX_TIM2_Init
 .text.MX_TIM3_Init
                0x0000000008001308       0xb4 Core/Src/tim.o
                0x0000000008001308                MX_TIM3_Init
 .text.MX_TIM4_Init
                0x00000000080013bc       0xb4 Core/Src/tim.o
                0x00000000080013bc                MX_TIM4_Init
 .text.MX_TIM5_Init
                0x0000000008001470       0xa8 Core/Src/tim.o
                0x0000000008001470                MX_TIM5_Init
 .text.HAL_TIM_Base_MspInit
                0x0000000008001518       0x50 Core/Src/tim.o
                0x0000000008001518                HAL_TIM_Base_MspInit
 .text.HAL_TIM_Encoder_MspInit
                0x0000000008001568      0x134 Core/Src/tim.o
                0x0000000008001568                HAL_TIM_Encoder_MspInit
 .text.HAL_TIM_PWM_MspInit
                0x000000000800169c       0x70 Core/Src/tim.o
                0x000000000800169c                HAL_TIM_PWM_MspInit
 .text.HAL_TIM_MspPostInit
                0x000000000800170c       0xc4 Core/Src/tim.o
                0x000000000800170c                HAL_TIM_MspPostInit
 .text.MX_USART2_UART_Init
                0x00000000080017d0       0x54 Core/Src/usart.o
                0x00000000080017d0                MX_USART2_UART_Init
 .text.HAL_UART_MspInit
                0x0000000008001824       0x90 Core/Src/usart.o
                0x0000000008001824                HAL_UART_MspInit
 .text.user_main
                0x00000000080018b4      0x10c Core/Src/user_main.o
                0x00000000080018b4                user_main
 .text.Reset_Handler
                0x00000000080019c0       0x50 Core/Startup/startup_stm32f401retx.o
                0x00000000080019c0                Reset_Handler
 .text.Default_Handler
                0x0000000008001a10        0x2 Core/Startup/startup_stm32f401retx.o
                0x0000000008001a10                RTC_Alarm_IRQHandler
                0x0000000008001a10                EXTI2_IRQHandler
                0x0000000008001a10                SPI4_IRQHandler
                0x0000000008001a10                TIM1_CC_IRQHandler
                0x0000000008001a10                DMA2_Stream5_IRQHandler
                0x0000000008001a10                DMA1_Stream5_IRQHandler
                0x0000000008001a10                PVD_IRQHandler
                0x0000000008001a10                SDIO_IRQHandler
                0x0000000008001a10                TAMP_STAMP_IRQHandler
                0x0000000008001a10                EXTI3_IRQHandler
                0x0000000008001a10                I2C3_ER_IRQHandler
                0x0000000008001a10                EXTI0_IRQHandler
                0x0000000008001a10                I2C2_EV_IRQHandler
                0x0000000008001a10                DMA1_Stream2_IRQHandler
                0x0000000008001a10                FPU_IRQHandler
                0x0000000008001a10                DMA2_Stream2_IRQHandler
                0x0000000008001a10                SPI1_IRQHandler
                0x0000000008001a10                TIM1_BRK_TIM9_IRQHandler
                0x0000000008001a10                DMA2_Stream3_IRQHandler
                0x0000000008001a10                USART6_IRQHandler
                0x0000000008001a10                DMA2_Stream0_IRQHandler
                0x0000000008001a10                TIM4_IRQHandler
                0x0000000008001a10                I2C1_EV_IRQHandler
                0x0000000008001a10                DMA1_Stream6_IRQHandler
                0x0000000008001a10                DMA1_Stream1_IRQHandler
                0x0000000008001a10                TIM3_IRQHandler
                0x0000000008001a10                RCC_IRQHandler
                0x0000000008001a10                Default_Handler
                0x0000000008001a10                EXTI15_10_IRQHandler
                0x0000000008001a10                ADC_IRQHandler
                0x0000000008001a10                DMA1_Stream7_IRQHandler
                0x0000000008001a10                TIM5_IRQHandler
                0x0000000008001a10                DMA2_Stream7_IRQHandler
                0x0000000008001a10                I2C3_EV_IRQHandler
                0x0000000008001a10                EXTI9_5_IRQHandler
                0x0000000008001a10                RTC_WKUP_IRQHandler
                0x0000000008001a10                SPI2_IRQHandler
                0x0000000008001a10                DMA1_Stream0_IRQHandler
                0x0000000008001a10                EXTI4_IRQHandler
                0x0000000008001a10                WWDG_IRQHandler
                0x0000000008001a10                TIM2_IRQHandler
                0x0000000008001a10                OTG_FS_WKUP_IRQHandler
                0x0000000008001a10                TIM1_TRG_COM_TIM11_IRQHandler
                0x0000000008001a10                EXTI1_IRQHandler
                0x0000000008001a10                USART2_IRQHandler
                0x0000000008001a10                I2C2_ER_IRQHandler
                0x0000000008001a10                DMA2_Stream1_IRQHandler
                0x0000000008001a10                FLASH_IRQHandler
                0x0000000008001a10                DMA2_Stream4_IRQHandler
                0x0000000008001a10                USART1_IRQHandler
                0x0000000008001a10                OTG_FS_IRQHandler
                0x0000000008001a10                SPI3_IRQHandler
                0x0000000008001a10                DMA1_Stream4_IRQHandler
                0x0000000008001a10                I2C1_ER_IRQHandler
                0x0000000008001a10                DMA2_Stream6_IRQHandler
                0x0000000008001a10                DMA1_Stream3_IRQHandler
 *fill*         0x0000000008001a12        0x2 
 .text.odom_update
                0x0000000008001a14      0x228 Core/lib/modules/odometrija/odometrija.o
                0x0000000008001a14                odom_update
 *fill*         0x0000000008001c3c        0x4 
 .text.normalize_rad_angle
                0x0000000008001c40       0xa0 Core/lib/modules/odometrija/odometrija.o
                0x0000000008001c40                normalize_rad_angle
 .text.motor_set_ref_vel
                0x0000000008001ce0      0x168 Core/lib/modules/pogon/pogon.o
                0x0000000008001ce0                motor_set_ref_vel
 .text.motor_control_loop
                0x0000000008001e48      0x6d0 Core/lib/modules/pogon/pogon.o
                0x0000000008001e48                motor_control_loop
 .text.set_motor1_dir
                0x0000000008002518       0x40 Core/lib/modules/pogon/pogon.o
                0x0000000008002518                set_motor1_dir
 .text.set_motor2_dir
                0x0000000008002558       0x40 Core/lib/modules/pogon/pogon.o
                0x0000000008002558                set_motor2_dir
 .text.set_motor1_voltage
                0x0000000008002598      0x100 Core/lib/modules/pogon/pogon.o
                0x0000000008002598                set_motor1_voltage
 .text.set_motor2_voltage
                0x0000000008002698      0x100 Core/lib/modules/pogon/pogon.o
                0x0000000008002698                set_motor2_voltage
 .text.robot_set_pose_ref
                0x0000000008002798       0x50 Core/lib/modules/pozicija/pozicija.o
                0x0000000008002798                robot_set_pose_ref
 .text.position_control_loop
                0x00000000080027e8      0x4c4 Core/lib/modules/pozicija/pozicija.o
                0x00000000080027e8                position_control_loop
 .text.encoders_init
                0x0000000008002cac       0x24 Core/lib/peripheries/encoder/encoder.o
                0x0000000008002cac                encoders_init
 .text.enc1_get_delta_inc
                0x0000000008002cd0       0x2c Core/lib/peripheries/encoder/encoder.o
                0x0000000008002cd0                enc1_get_delta_inc
 .text.enc2_get_delta_inc
                0x0000000008002cfc       0x2c Core/lib/peripheries/encoder/encoder.o
                0x0000000008002cfc                enc2_get_delta_inc
 .text.HAL_TIM_PeriodElapsedCallback
                0x0000000008002d28       0xac Core/lib/peripheries/timer/timer.o
                0x0000000008002d28                HAL_TIM_PeriodElapsedCallback
 .text.HAL_Init
                0x0000000008002dd4       0x44 Drivers/STM32F4xx_HAL_Driver/Src/stm32f4xx_hal.o
                0x0000000008002dd4                HAL_Init
 .text.HAL_InitTick
                0x0000000008002e18       0x60 Drivers/STM32F4xx_HAL_Driver/Src/stm32f4xx_hal.o
                0x0000000008002e18                HAL_InitTick
 .text.HAL_IncTick
                0x0000000008002e78       0x28 Drivers/STM32F4xx_HAL_Driver/Src/stm32f4xx_hal.o
                0x0000000008002e78                HAL_IncTick
 .text.HAL_GetTick
                0x0000000008002ea0       0x18 Drivers/STM32F4xx_HAL_Driver/Src/stm32f4xx_hal.o
                0x0000000008002ea0                HAL_GetTick
 .text.__NVIC_SetPriorityGrouping
                0x0000000008002eb8       0x48 Drivers/STM32F4xx_HAL_Driver/Src/stm32f4xx_hal_cortex.o
 .text.__NVIC_GetPriorityGrouping
                0x0000000008002f00       0x1c Drivers/STM32F4xx_HAL_Driver/Src/stm32f4xx_hal_cortex.o
 .text.__NVIC_EnableIRQ
                0x0000000008002f1c       0x3c Drivers/STM32F4xx_HAL_Driver/Src/stm32f4xx_hal_cortex.o
 .text.__NVIC_SetPriority
                0x0000000008002f58       0x54 Drivers/STM32F4xx_HAL_Driver/Src/stm32f4xx_hal_cortex.o
 .text.NVIC_EncodePriority
                0x0000000008002fac       0x66 Drivers/STM32F4xx_HAL_Driver/Src/stm32f4xx_hal_cortex.o
 *fill*         0x0000000008003012        0x2 
 .text.SysTick_Config
                0x0000000008003014       0x44 Drivers/STM32F4xx_HAL_Driver/Src/stm32f4xx_hal_cortex.o
 .text.HAL_NVIC_SetPriorityGrouping
                0x0000000008003058       0x16 Drivers/STM32F4xx_HAL_Driver/Src/stm32f4xx_hal_cortex.o
                0x0000000008003058                HAL_NVIC_SetPriorityGrouping
 .text.HAL_NVIC_SetPriority
                0x000000000800306e       0x38 Drivers/STM32F4xx_HAL_Driver/Src/stm32f4xx_hal_cortex.o
                0x000000000800306e                HAL_NVIC_SetPriority
 .text.HAL_NVIC_EnableIRQ
                0x00000000080030a6       0x1c Drivers/STM32F4xx_HAL_Driver/Src/stm32f4xx_hal_cortex.o
                0x00000000080030a6                HAL_NVIC_EnableIRQ
 .text.HAL_SYSTICK_Config
                0x00000000080030c2       0x18 Drivers/STM32F4xx_HAL_Driver/Src/stm32f4xx_hal_cortex.o
                0x00000000080030c2                HAL_SYSTICK_Config
 *fill*         0x00000000080030da        0x2 
 .text.HAL_GPIO_Init
                0x00000000080030dc      0x304 Drivers/STM32F4xx_HAL_Driver/Src/stm32f4xx_hal_gpio.o
                0x00000000080030dc                HAL_GPIO_Init
 .text.HAL_GPIO_WritePin
                0x00000000080033e0       0x32 Drivers/STM32F4xx_HAL_Driver/Src/stm32f4xx_hal_gpio.o
                0x00000000080033e0                HAL_GPIO_WritePin
 *fill*         0x0000000008003412        0x2 
 .text.HAL_RCC_OscConfig
                0x0000000008003414      0x4e0 Drivers/STM32F4xx_HAL_Driver/Src/stm32f4xx_hal_rcc.o
                0x0000000008003414                HAL_RCC_OscConfig
 .text.HAL_RCC_ClockConfig
                0x00000000080038f4      0x1cc Drivers/STM32F4xx_HAL_Driver/Src/stm32f4xx_hal_rcc.o
                0x00000000080038f4                HAL_RCC_ClockConfig
 .text.HAL_RCC_GetSysClockFreq
                0x0000000008003ac0      0x164 Drivers/STM32F4xx_HAL_Driver/Src/stm32f4xx_hal_rcc.o
                0x0000000008003ac0                HAL_RCC_GetSysClockFreq
 .text.HAL_RCC_GetHCLKFreq
                0x0000000008003c24       0x18 Drivers/STM32F4xx_HAL_Driver/Src/stm32f4xx_hal_rcc.o
                0x0000000008003c24                HAL_RCC_GetHCLKFreq
 .text.HAL_RCC_GetPCLK1Freq
                0x0000000008003c3c       0x28 Drivers/STM32F4xx_HAL_Driver/Src/stm32f4xx_hal_rcc.o
                0x0000000008003c3c                HAL_RCC_GetPCLK1Freq
 .text.HAL_RCC_GetPCLK2Freq
                0x0000000008003c64       0x28 Drivers/STM32F4xx_HAL_Driver/Src/stm32f4xx_hal_rcc.o
                0x0000000008003c64                HAL_RCC_GetPCLK2Freq
 .text.HAL_TIM_Base_Init
                0x0000000008003c8c       0x56 Drivers/STM32F4xx_HAL_Driver/Src/stm32f4xx_hal_tim.o
                0x0000000008003c8c                HAL_TIM_Base_Init
 .text.HAL_TIM_Base_Start_IT
                0x0000000008003ce2       0x48 Drivers/STM32F4xx_HAL_Driver/Src/stm32f4xx_hal_tim.o
                0x0000000008003ce2                HAL_TIM_Base_Start_IT
 .text.HAL_TIM_PWM_Init
                0x0000000008003d2a       0x56 Drivers/STM32F4xx_HAL_Driver/Src/stm32f4xx_hal_tim.o
                0x0000000008003d2a                HAL_TIM_PWM_Init
 .text.HAL_TIM_PWM_Start
                0x0000000008003d80       0x64 Drivers/STM32F4xx_HAL_Driver/Src/stm32f4xx_hal_tim.o
                0x0000000008003d80                HAL_TIM_PWM_Start
 .text.HAL_TIM_Encoder_Init
                0x0000000008003de4      0x124 Drivers/STM32F4xx_HAL_Driver/Src/stm32f4xx_hal_tim.o
                0x0000000008003de4                HAL_TIM_Encoder_Init
 .text.HAL_TIM_Encoder_Start
                0x0000000008003f08       0x6e Drivers/STM32F4xx_HAL_Driver/Src/stm32f4xx_hal_tim.o
                0x0000000008003f08                HAL_TIM_Encoder_Start
 .text.HAL_TIM_IRQHandler
                0x0000000008003f76      0x210 Drivers/STM32F4xx_HAL_Driver/Src/stm32f4xx_hal_tim.o
                0x0000000008003f76                HAL_TIM_IRQHandler
 *fill*         0x0000000008004186        0x2 
 .text.HAL_TIM_PWM_ConfigChannel
                0x0000000008004188      0x18c Drivers/STM32F4xx_HAL_Driver/Src/stm32f4xx_hal_tim.o
                0x0000000008004188                HAL_TIM_PWM_ConfigChannel
 .text.HAL_TIM_ConfigClockSource
                0x0000000008004314      0x16e Drivers/STM32F4xx_HAL_Driver/Src/stm32f4xx_hal_tim.o
                0x0000000008004314                HAL_TIM_ConfigClockSource
 .text.HAL_TIM_OC_DelayElapsedCallback
                0x0000000008004482       0x14 Drivers/STM32F4xx_HAL_Driver/Src/stm32f4xx_hal_tim.o
                0x0000000008004482                HAL_TIM_OC_DelayElapsedCallback
 .text.HAL_TIM_IC_CaptureCallback
                0x0000000008004496       0x14 Drivers/STM32F4xx_HAL_Driver/Src/stm32f4xx_hal_tim.o
                0x0000000008004496                HAL_TIM_IC_CaptureCallback
 .text.HAL_TIM_PWM_PulseFinishedCallback
                0x00000000080044aa       0x14 Drivers/STM32F4xx_HAL_Driver/Src/stm32f4xx_hal_tim.o
                0x00000000080044aa                HAL_TIM_PWM_PulseFinishedCallback
 .text.HAL_TIM_TriggerCallback
                0x00000000080044be       0x14 Drivers/STM32F4xx_HAL_Driver/Src/stm32f4xx_hal_tim.o
                0x00000000080044be                HAL_TIM_TriggerCallback
 *fill*         0x00000000080044d2        0x2 
 .text.TIM_Base_SetConfig
                0x00000000080044d4      0x100 Drivers/STM32F4xx_HAL_Driver/Src/stm32f4xx_hal_tim.o
                0x00000000080044d4                TIM_Base_SetConfig
 .text.TIM_OC1_SetConfig
                0x00000000080045d4       0xcc Drivers/STM32F4xx_HAL_Driver/Src/stm32f4xx_hal_tim.o
 .text.TIM_OC2_SetConfig
                0x00000000080046a0       0xd8 Drivers/STM32F4xx_HAL_Driver/Src/stm32f4xx_hal_tim.o
                0x00000000080046a0                TIM_OC2_SetConfig
 .text.TIM_OC3_SetConfig
                0x0000000008004778       0xd4 Drivers/STM32F4xx_HAL_Driver/Src/stm32f4xx_hal_tim.o
 .text.TIM_OC4_SetConfig
                0x000000000800484c       0xa0 Drivers/STM32F4xx_HAL_Driver/Src/stm32f4xx_hal_tim.o
 .text.TIM_TI1_ConfigInputStage
                0x00000000080048ec       0x5e Drivers/STM32F4xx_HAL_Driver/Src/stm32f4xx_hal_tim.o
 .text.TIM_TI2_ConfigInputStage
                0x000000000800494a       0x60 Drivers/STM32F4xx_HAL_Driver/Src/stm32f4xx_hal_tim.o
 .text.TIM_ITRx_SetConfig
                0x00000000080049aa       0x36 Drivers/STM32F4xx_HAL_Driver/Src/stm32f4xx_hal_tim.o
 .text.TIM_ETR_SetConfig
                0x00000000080049e0       0x40 Drivers/STM32F4xx_HAL_Driver/Src/stm32f4xx_hal_tim.o
                0x00000000080049e0                TIM_ETR_SetConfig
 .text.TIM_CCxChannelCmd
                0x0000000008004a20       0x4a Drivers/STM32F4xx_HAL_Driver/Src/stm32f4xx_hal_tim.o
                0x0000000008004a20                TIM_CCxChannelCmd
 *fill*         0x0000000008004a6a        0x2 
 .text.HAL_TIMEx_MasterConfigSynchronization
                0x0000000008004a6c       0xdc Drivers/STM32F4xx_HAL_Driver/Src/stm32f4xx_hal_tim_ex.o
                0x0000000008004a6c                HAL_TIMEx_MasterConfigSynchronization
 .text.HAL_TIMEx_CommutCallback
                0x0000000008004b48       0x14 Drivers/STM32F4xx_HAL_Driver/Src/stm32f4xx_hal_tim_ex.o
                0x0000000008004b48                HAL_TIMEx_CommutCallback
 .text.HAL_TIMEx_BreakCallback
                0x0000000008004b5c       0x14 Drivers/STM32F4xx_HAL_Driver/Src/stm32f4xx_hal_tim_ex.o
                0x0000000008004b5c                HAL_TIMEx_BreakCallback
 .text.HAL_HalfDuplex_Init
                0x0000000008004b70       0xaa Drivers/STM32F4xx_HAL_Driver/Src/stm32f4xx_hal_uart.o
                0x0000000008004b70                HAL_HalfDuplex_Init
 *fill*         0x0000000008004c1a        0x2 
 .text.UART_SetConfig
                0x0000000008004c1c      0x6f8 Drivers/STM32F4xx_HAL_Driver/Src/stm32f4xx_hal_uart.o
 .text.__errno  0x0000000008005314        0xc c:/st/stm32cubeide_1.2.0/stm32cubeide/plugins/com.st.stm32cube.ide.mcu.externaltools.gnu-tools-for-stm32.7-2018-q2-update.win32_1.0.0.201904181610/tools/bin/../lib/gcc/arm-none-eabi/7.3.1/../../../../arm-none-eabi/lib/thumb/v7e-m/fpv4-sp/hard\libc_nano.a(lib_a-errno.o)
                0x0000000008005314                __errno
 .text.__libc_init_array
                0x0000000008005320       0x48 c:/st/stm32cubeide_1.2.0/stm32cubeide/plugins/com.st.stm32cube.ide.mcu.externaltools.gnu-tools-for-stm32.7-2018-q2-update.win32_1.0.0.201904181610/tools/bin/../lib/gcc/arm-none-eabi/7.3.1/../../../../arm-none-eabi/lib/thumb/v7e-m/fpv4-sp/hard\libc_nano.a(lib_a-init.o)
                0x0000000008005320                __libc_init_array
 .text.memset   0x0000000008005368       0x10 c:/st/stm32cubeide_1.2.0/stm32cubeide/plugins/com.st.stm32cube.ide.mcu.externaltools.gnu-tools-for-stm32.7-2018-q2-update.win32_1.0.0.201904181610/tools/bin/../lib/gcc/arm-none-eabi/7.3.1/../../../../arm-none-eabi/lib/thumb/v7e-m/fpv4-sp/hard\libc_nano.a(lib_a-memset.o)
                0x0000000008005368                memset
 .text.cosf     0x0000000008005378       0x80 c:/st/stm32cubeide_1.2.0/stm32cubeide/plugins/com.st.stm32cube.ide.mcu.externaltools.gnu-tools-for-stm32.7-2018-q2-update.win32_1.0.0.201904181610/tools/bin/../lib/gcc/arm-none-eabi/7.3.1/../../../../arm-none-eabi/lib/thumb/v7e-m/fpv4-sp/hard\libm.a(lib_a-sf_cos.o)
                0x0000000008005378                cosf
 .text.sinf     0x00000000080053f8       0x84 c:/st/stm32cubeide_1.2.0/stm32cubeide/plugins/com.st.stm32cube.ide.mcu.externaltools.gnu-tools-for-stm32.7-2018-q2-update.win32_1.0.0.201904181610/tools/bin/../lib/gcc/arm-none-eabi/7.3.1/../../../../arm-none-eabi/lib/thumb/v7e-m/fpv4-sp/hard\libm.a(lib_a-sf_sin.o)
                0x00000000080053f8                sinf
 .text.atan2f   0x000000000800547c        0x4 c:/st/stm32cubeide_1.2.0/stm32cubeide/plugins/com.st.stm32cube.ide.mcu.externaltools.gnu-tools-for-stm32.7-2018-q2-update.win32_1.0.0.201904181610/tools/bin/../lib/gcc/arm-none-eabi/7.3.1/../../../../arm-none-eabi/lib/thumb/v7e-m/fpv4-sp/hard\libm.a(lib_a-wf_atan2.o)
                0x000000000800547c                atan2f
 .text.sqrtf    0x0000000008005480       0xa0 c:/st/stm32cubeide_1.2.0/stm32cubeide/plugins/com.st.stm32cube.ide.mcu.externaltools.gnu-tools-for-stm32.7-2018-q2-update.win32_1.0.0.201904181610/tools/bin/../lib/gcc/arm-none-eabi/7.3.1/../../../../arm-none-eabi/lib/thumb/v7e-m/fpv4-sp/hard\libm.a(lib_a-wf_sqrt.o)
                0x0000000008005480                sqrtf
 .text.__ieee754_atan2f
                0x0000000008005520      0x15c c:/st/stm32cubeide_1.2.0/stm32cubeide/plugins/com.st.stm32cube.ide.mcu.externaltools.gnu-tools-for-stm32.7-2018-q2-update.win32_1.0.0.201904181610/tools/bin/../lib/gcc/arm-none-eabi/7.3.1/../../../../arm-none-eabi/lib/thumb/v7e-m/fpv4-sp/hard\libm.a(lib_a-ef_atan2.o)
                0x0000000008005520                __ieee754_atan2f
 .text.__ieee754_rem_pio2f
                0x000000000800567c      0x258 c:/st/stm32cubeide_1.2.0/stm32cubeide/plugins/com.st.stm32cube.ide.mcu.externaltools.gnu-tools-for-stm32.7-2018-q2-update.win32_1.0.0.201904181610/tools/bin/../lib/gcc/arm-none-eabi/7.3.1/../../../../arm-none-eabi/lib/thumb/v7e-m/fpv4-sp/hard\libm.a(lib_a-ef_rem_pio2.o)
                0x000000000800567c                __ieee754_rem_pio2f
 .text.__ieee754_sqrtf
                0x00000000080058d4        0x6 c:/st/stm32cubeide_1.2.0/stm32cubeide/plugins/com.st.stm32cube.ide.mcu.externaltools.gnu-tools-for-stm32.7-2018-q2-update.win32_1.0.0.201904181610/tools/bin/../lib/gcc/arm-none-eabi/7.3.1/../../../../arm-none-eabi/lib/thumb/v7e-m/fpv4-sp/hard\libm.a(lib_a-ef_sqrt.o)
                0x00000000080058d4                __ieee754_sqrtf
 *fill*         0x00000000080058da        0x2 
 .text.__kernel_cosf
                0x00000000080058dc       0xbc c:/st/stm32cubeide_1.2.0/stm32cubeide/plugins/com.st.stm32cube.ide.mcu.externaltools.gnu-tools-for-stm32.7-2018-q2-update.win32_1.0.0.201904181610/tools/bin/../lib/gcc/arm-none-eabi/7.3.1/../../../../arm-none-eabi/lib/thumb/v7e-m/fpv4-sp/hard\libm.a(lib_a-kf_cos.o)
                0x00000000080058dc                __kernel_cosf
 .text.__kernel_rem_pio2f
                0x0000000008005998      0x504 c:/st/stm32cubeide_1.2.0/stm32cubeide/plugins/com.st.stm32cube.ide.mcu.externaltools.gnu-tools-for-stm32.7-2018-q2-update.win32_1.0.0.201904181610/tools/bin/../lib/gcc/arm-none-eabi/7.3.1/../../../../arm-none-eabi/lib/thumb/v7e-m/fpv4-sp/hard\libm.a(lib_a-kf_rem_pio2.o)
                0x0000000008005998                __kernel_rem_pio2f
 .text.__kernel_sinf
                0x0000000008005e9c       0x90 c:/st/stm32cubeide_1.2.0/stm32cubeide/plugins/com.st.stm32cube.ide.mcu.externaltools.gnu-tools-for-stm32.7-2018-q2-update.win32_1.0.0.201904181610/tools/bin/../lib/gcc/arm-none-eabi/7.3.1/../../../../arm-none-eabi/lib/thumb/v7e-m/fpv4-sp/hard\libm.a(lib_a-kf_sin.o)
                0x0000000008005e9c                __kernel_sinf
 .text.matherr  0x0000000008005f2c        0x4 c:/st/stm32cubeide_1.2.0/stm32cubeide/plugins/com.st.stm32cube.ide.mcu.externaltools.gnu-tools-for-stm32.7-2018-q2-update.win32_1.0.0.201904181610/tools/bin/../lib/gcc/arm-none-eabi/7.3.1/../../../../arm-none-eabi/lib/thumb/v7e-m/fpv4-sp/hard\libm.a(lib_a-s_matherr.o)
                0x0000000008005f2c                matherr
 .text.atanf    0x0000000008005f30      0x1a8 c:/st/stm32cubeide_1.2.0/stm32cubeide/plugins/com.st.stm32cube.ide.mcu.externaltools.gnu-tools-for-stm32.7-2018-q2-update.win32_1.0.0.201904181610/tools/bin/../lib/gcc/arm-none-eabi/7.3.1/../../../../arm-none-eabi/lib/thumb/v7e-m/fpv4-sp/hard\libm.a(lib_a-sf_atan.o)
                0x0000000008005f30                atanf
 .text.fabsf    0x00000000080060d8        0xe c:/st/stm32cubeide_1.2.0/stm32cubeide/plugins/com.st.stm32cube.ide.mcu.externaltools.gnu-tools-for-stm32.7-2018-q2-update.win32_1.0.0.201904181610/tools/bin/../lib/gcc/arm-none-eabi/7.3.1/../../../../arm-none-eabi/lib/thumb/v7e-m/fpv4-sp/hard\libm.a(lib_a-sf_fabs.o)
                0x00000000080060d8                fabsf
 *fill*         0x00000000080060e6        0x2 
 .text.floorf   0x00000000080060e8       0x84 c:/st/stm32cubeide_1.2.0/stm32cubeide/plugins/com.st.stm32cube.ide.mcu.externaltools.gnu-tools-for-stm32.7-2018-q2-update.win32_1.0.0.201904181610/tools/bin/../lib/gcc/arm-none-eabi/7.3.1/../../../../arm-none-eabi/lib/thumb/v7e-m/fpv4-sp/hard\libm.a(lib_a-sf_floor.o)
                0x00000000080060e8                floorf
 .text.scalbnf  0x000000000800616c       0xc0 c:/st/stm32cubeide_1.2.0/stm32cubeide/plugins/com.st.stm32cube.ide.mcu.externaltools.gnu-tools-for-stm32.7-2018-q2-update.win32_1.0.0.201904181610/tools/bin/../lib/gcc/arm-none-eabi/7.3.1/../../../../arm-none-eabi/lib/thumb/v7e-m/fpv4-sp/hard\libm.a(lib_a-sf_scalbn.o)
                0x000000000800616c                scalbnf
 .text.copysignf
                0x000000000800622c       0x18 c:/st/stm32cubeide_1.2.0/stm32cubeide/plugins/com.st.stm32cube.ide.mcu.externaltools.gnu-tools-for-stm32.7-2018-q2-update.win32_1.0.0.201904181610/tools/bin/../lib/gcc/arm-none-eabi/7.3.1/../../../../arm-none-eabi/lib/thumb/v7e-m/fpv4-sp/hard\libm.a(lib_a-sf_copysign.o)
                0x000000000800622c                copysignf
 *(.glue_7)
 .glue_7        0x0000000008006244        0x0 linker stubs
 *(.glue_7t)
 .glue_7t       0x0000000008006244        0x0 linker stubs
 *(.eh_frame)
 .eh_frame      0x0000000008006244        0x0 c:/st/stm32cubeide_1.2.0/stm32cubeide/plugins/com.st.stm32cube.ide.mcu.externaltools.gnu-tools-for-stm32.7-2018-q2-update.win32_1.0.0.201904181610/tools/bin/../lib/gcc/arm-none-eabi/7.3.1/thumb/v7e-m/fpv4-sp/hard/crtbegin.o
 *(.init)
 .init          0x0000000008006244        0x4 c:/st/stm32cubeide_1.2.0/stm32cubeide/plugins/com.st.stm32cube.ide.mcu.externaltools.gnu-tools-for-stm32.7-2018-q2-update.win32_1.0.0.201904181610/tools/bin/../lib/gcc/arm-none-eabi/7.3.1/thumb/v7e-m/fpv4-sp/hard/crti.o
                0x0000000008006244                _init
 .init          0x0000000008006248        0x8 c:/st/stm32cubeide_1.2.0/stm32cubeide/plugins/com.st.stm32cube.ide.mcu.externaltools.gnu-tools-for-stm32.7-2018-q2-update.win32_1.0.0.201904181610/tools/bin/../lib/gcc/arm-none-eabi/7.3.1/thumb/v7e-m/fpv4-sp/hard/crtn.o
 *(.fini)
 .fini          0x0000000008006250        0x4 c:/st/stm32cubeide_1.2.0/stm32cubeide/plugins/com.st.stm32cube.ide.mcu.externaltools.gnu-tools-for-stm32.7-2018-q2-update.win32_1.0.0.201904181610/tools/bin/../lib/gcc/arm-none-eabi/7.3.1/thumb/v7e-m/fpv4-sp/hard/crti.o
                0x0000000008006250                _fini
 .fini          0x0000000008006254        0x8 c:/st/stm32cubeide_1.2.0/stm32cubeide/plugins/com.st.stm32cube.ide.mcu.externaltools.gnu-tools-for-stm32.7-2018-q2-update.win32_1.0.0.201904181610/tools/bin/../lib/gcc/arm-none-eabi/7.3.1/thumb/v7e-m/fpv4-sp/hard/crtn.o
                0x000000000800625c                . = ALIGN (0x4)
                0x000000000800625c                _etext = .

.vfp11_veneer   0x000000000800625c        0x0
 .vfp11_veneer  0x000000000800625c        0x0 linker stubs

.v4_bx          0x000000000800625c        0x0
 .v4_bx         0x000000000800625c        0x0 linker stubs

.iplt           0x000000000800625c        0x0
 .iplt          0x000000000800625c        0x0 c:/st/stm32cubeide_1.2.0/stm32cubeide/plugins/com.st.stm32cube.ide.mcu.externaltools.gnu-tools-for-stm32.7-2018-q2-update.win32_1.0.0.201904181610/tools/bin/../lib/gcc/arm-none-eabi/7.3.1/thumb/v7e-m/fpv4-sp/hard/crtbegin.o

.rodata         0x000000000800625c      0x410
                0x000000000800625c                . = ALIGN (0x4)
 *(.rodata)
 *(.rodata*)
 .rodata.AHBPrescTable
                0x000000000800625c       0x10 Core/Src/system_stm32f4xx.o
                0x000000000800625c                AHBPrescTable
 .rodata.APBPrescTable
                0x000000000800626c        0x8 Core/Src/system_stm32f4xx.o
                0x000000000800626c                APBPrescTable
 .rodata.sqrtf.str1.1
                0x0000000008006274        0x6 c:/st/stm32cubeide_1.2.0/stm32cubeide/plugins/com.st.stm32cube.ide.mcu.externaltools.gnu-tools-for-stm32.7-2018-q2-update.win32_1.0.0.201904181610/tools/bin/../lib/gcc/arm-none-eabi/7.3.1/../../../../arm-none-eabi/lib/thumb/v7e-m/fpv4-sp/hard\libm.a(lib_a-wf_sqrt.o)
 *fill*         0x000000000800627a        0x2 
 .rodata.npio2_hw
                0x000000000800627c       0x80 c:/st/stm32cubeide_1.2.0/stm32cubeide/plugins/com.st.stm32cube.ide.mcu.externaltools.gnu-tools-for-stm32.7-2018-q2-update.win32_1.0.0.201904181610/tools/bin/../lib/gcc/arm-none-eabi/7.3.1/../../../../arm-none-eabi/lib/thumb/v7e-m/fpv4-sp/hard\libm.a(lib_a-ef_rem_pio2.o)
 .rodata.two_over_pi
                0x00000000080062fc      0x318 c:/st/stm32cubeide_1.2.0/stm32cubeide/plugins/com.st.stm32cube.ide.mcu.externaltools.gnu-tools-for-stm32.7-2018-q2-update.win32_1.0.0.201904181610/tools/bin/../lib/gcc/arm-none-eabi/7.3.1/../../../../arm-none-eabi/lib/thumb/v7e-m/fpv4-sp/hard\libm.a(lib_a-ef_rem_pio2.o)
 .rodata.PIo2   0x0000000008006614       0x2c c:/st/stm32cubeide_1.2.0/stm32cubeide/plugins/com.st.stm32cube.ide.mcu.externaltools.gnu-tools-for-stm32.7-2018-q2-update.win32_1.0.0.201904181610/tools/bin/../lib/gcc/arm-none-eabi/7.3.1/../../../../arm-none-eabi/lib/thumb/v7e-m/fpv4-sp/hard\libm.a(lib_a-kf_rem_pio2.o)
 .rodata.init_jk
                0x0000000008006640        0xc c:/st/stm32cubeide_1.2.0/stm32cubeide/plugins/com.st.stm32cube.ide.mcu.externaltools.gnu-tools-for-stm32.7-2018-q2-update.win32_1.0.0.201904181610/tools/bin/../lib/gcc/arm-none-eabi/7.3.1/../../../../arm-none-eabi/lib/thumb/v7e-m/fpv4-sp/hard\libm.a(lib_a-kf_rem_pio2.o)
 .rodata.atanhi
                0x000000000800664c       0x10 c:/st/stm32cubeide_1.2.0/stm32cubeide/plugins/com.st.stm32cube.ide.mcu.externaltools.gnu-tools-for-stm32.7-2018-q2-update.win32_1.0.0.201904181610/tools/bin/../lib/gcc/arm-none-eabi/7.3.1/../../../../arm-none-eabi/lib/thumb/v7e-m/fpv4-sp/hard\libm.a(lib_a-sf_atan.o)
 .rodata.atanlo
                0x000000000800665c       0x10 c:/st/stm32cubeide_1.2.0/stm32cubeide/plugins/com.st.stm32cube.ide.mcu.externaltools.gnu-tools-for-stm32.7-2018-q2-update.win32_1.0.0.201904181610/tools/bin/../lib/gcc/arm-none-eabi/7.3.1/../../../../arm-none-eabi/lib/thumb/v7e-m/fpv4-sp/hard\libm.a(lib_a-sf_atan.o)
                0x000000000800666c                . = ALIGN (0x4)

.ARM.extab      0x000000000800666c        0x0
                0x000000000800666c                . = ALIGN (0x4)
 *(.ARM.extab* .gnu.linkonce.armextab.*)
                0x000000000800666c                . = ALIGN (0x4)

.ARM            0x000000000800666c        0x8
                0x000000000800666c                . = ALIGN (0x4)
                0x000000000800666c                __exidx_start = .
 *(.ARM.exidx*)
 .ARM.exidx     0x000000000800666c        0x8 c:/st/stm32cubeide_1.2.0/stm32cubeide/plugins/com.st.stm32cube.ide.mcu.externaltools.gnu-tools-for-stm32.7-2018-q2-update.win32_1.0.0.201904181610/tools/bin/../lib/gcc/arm-none-eabi/7.3.1/thumb/v7e-m/fpv4-sp/hard\libgcc.a(_udivmoddi4.o)
                0x0000000008006674                __exidx_end = .
                0x0000000008006674                . = ALIGN (0x4)

.rel.dyn        0x0000000008006674        0x0
 .rel.iplt      0x0000000008006674        0x0 c:/st/stm32cubeide_1.2.0/stm32cubeide/plugins/com.st.stm32cube.ide.mcu.externaltools.gnu-tools-for-stm32.7-2018-q2-update.win32_1.0.0.201904181610/tools/bin/../lib/gcc/arm-none-eabi/7.3.1/thumb/v7e-m/fpv4-sp/hard/crtbegin.o

.preinit_array  0x0000000008006674        0x0
                0x0000000008006674                . = ALIGN (0x4)
                0x0000000008006674                PROVIDE (__preinit_array_start = .)
 *(.preinit_array*)
                0x0000000008006674                PROVIDE (__preinit_array_end = .)
                0x0000000008006674                . = ALIGN (0x4)

.init_array     0x0000000008006674        0x4
                0x0000000008006674                . = ALIGN (0x4)
                0x0000000008006674                PROVIDE (__init_array_start = .)
 *(SORT_BY_NAME(.init_array.*))
 *(.init_array*)
 .init_array    0x0000000008006674        0x4 c:/st/stm32cubeide_1.2.0/stm32cubeide/plugins/com.st.stm32cube.ide.mcu.externaltools.gnu-tools-for-stm32.7-2018-q2-update.win32_1.0.0.201904181610/tools/bin/../lib/gcc/arm-none-eabi/7.3.1/thumb/v7e-m/fpv4-sp/hard/crtbegin.o
                0x0000000008006678                PROVIDE (__init_array_end = .)
                0x0000000008006678                . = ALIGN (0x4)

.fini_array     0x0000000008006678        0x4
                0x0000000008006678                . = ALIGN (0x4)
                [!provide]                        PROVIDE (__fini_array_start = .)
 *(SORT_BY_NAME(.fini_array.*))
 *(.fini_array*)
 .fini_array    0x0000000008006678        0x4 c:/st/stm32cubeide_1.2.0/stm32cubeide/plugins/com.st.stm32cube.ide.mcu.externaltools.gnu-tools-for-stm32.7-2018-q2-update.win32_1.0.0.201904181610/tools/bin/../lib/gcc/arm-none-eabi/7.3.1/thumb/v7e-m/fpv4-sp/hard/crtbegin.o
                [!provide]                        PROVIDE (__fini_array_end = .)
                0x000000000800667c                . = ALIGN (0x4)
                0x000000000800667c                _sidata = LOADADDR (.data)

.data           0x0000000020000000       0x9c load address 0x000000000800667c
                0x0000000020000000                . = ALIGN (0x4)
                0x0000000020000000                _sdata = .
 *(.data)
 *(.data*)
 .data.SystemCoreClock
                0x0000000020000000        0x4 Core/Src/system_stm32f4xx.o
                0x0000000020000000                SystemCoreClock
 .data.C_INC2RAD
                0x0000000020000004        0x4 Core/lib/modules/odometrija/odometrija.o
                0x0000000020000004                C_INC2RAD
 .data.radius_tocka
                0x0000000020000008        0x4 Core/lib/modules/odometrija/odometrija.o
                0x0000000020000008                radius_tocka
 .data.rastojanje_tockova
                0x000000002000000c        0x4 Core/lib/modules/odometrija/odometrija.o
                0x000000002000000c                rastojanje_tockova
 .data.dt       0x0000000020000010        0x4 Core/lib/modules/odometrija/odometrija.o
                0x0000000020000010                dt
 .data.Kp_r     0x0000000020000014        0x4 Core/lib/modules/pogon/pogon.o
                0x0000000020000014                Kp_r
 .data.Ki_r     0x0000000020000018        0x4 Core/lib/modules/pogon/pogon.o
                0x0000000020000018                Ki_r
 .data.Kp_l     0x000000002000001c        0x4 Core/lib/modules/pogon/pogon.o
                0x000000002000001c                Kp_l
 .data.Ki_l     0x0000000020000020        0x4 Core/lib/modules/pogon/pogon.o
                0x0000000020000020                Ki_l
 .data.motor_acc_levi
                0x0000000020000024        0x4 Core/lib/modules/pogon/pogon.o
                0x0000000020000024                motor_acc_levi
 .data.motor_acc_desni
                0x0000000020000028        0x4 Core/lib/modules/pogon/pogon.o
                0x0000000020000028                motor_acc_desni
 .data.uwTickPrio
                0x000000002000002c        0x4 Drivers/STM32F4xx_HAL_Driver/Src/stm32f4xx_hal.o
                0x000000002000002c                uwTickPrio
 .data.uwTickFreq
                0x0000000020000030        0x1 Drivers/STM32F4xx_HAL_Driver/Src/stm32f4xx_hal.o
                0x0000000020000030                uwTickFreq
 *fill*         0x0000000020000031        0x3 
 .data._impure_ptr
                0x0000000020000034        0x4 c:/st/stm32cubeide_1.2.0/stm32cubeide/plugins/com.st.stm32cube.ide.mcu.externaltools.gnu-tools-for-stm32.7-2018-q2-update.win32_1.0.0.201904181610/tools/bin/../lib/gcc/arm-none-eabi/7.3.1/../../../../arm-none-eabi/lib/thumb/v7e-m/fpv4-sp/hard\libc_nano.a(lib_a-impure.o)
                0x0000000020000034                _impure_ptr
 .data.impure_data
                0x0000000020000038       0x60 c:/st/stm32cubeide_1.2.0/stm32cubeide/plugins/com.st.stm32cube.ide.mcu.externaltools.gnu-tools-for-stm32.7-2018-q2-update.win32_1.0.0.201904181610/tools/bin/../lib/gcc/arm-none-eabi/7.3.1/../../../../arm-none-eabi/lib/thumb/v7e-m/fpv4-sp/hard\libc_nano.a(lib_a-impure.o)
 .data.__fdlib_version
                0x0000000020000098        0x1 c:/st/stm32cubeide_1.2.0/stm32cubeide/plugins/com.st.stm32cube.ide.mcu.externaltools.gnu-tools-for-stm32.7-2018-q2-update.win32_1.0.0.201904181610/tools/bin/../lib/gcc/arm-none-eabi/7.3.1/../../../../arm-none-eabi/lib/thumb/v7e-m/fpv4-sp/hard\libm.a(lib_a-s_lib_ver.o)
                0x0000000020000098                __fdlib_version
                0x000000002000009c                . = ALIGN (0x4)
 *fill*         0x0000000020000099        0x3 
                0x000000002000009c                _edata = .

.igot.plt       0x000000002000009c        0x0 load address 0x0000000008006718
 .igot.plt      0x000000002000009c        0x0 c:/st/stm32cubeide_1.2.0/stm32cubeide/plugins/com.st.stm32cube.ide.mcu.externaltools.gnu-tools-for-stm32.7-2018-q2-update.win32_1.0.0.201904181610/tools/bin/../lib/gcc/arm-none-eabi/7.3.1/thumb/v7e-m/fpv4-sp/hard/crtbegin.o
                0x000000002000009c                . = ALIGN (0x4)

.bss            0x000000002000009c      0x240 load address 0x0000000008006718
                0x000000002000009c                _sbss = .
                0x000000002000009c                __bss_start__ = _sbss
 *(.bss)
 .bss           0x000000002000009c       0x1c c:/st/stm32cubeide_1.2.0/stm32cubeide/plugins/com.st.stm32cube.ide.mcu.externaltools.gnu-tools-for-stm32.7-2018-q2-update.win32_1.0.0.201904181610/tools/bin/../lib/gcc/arm-none-eabi/7.3.1/thumb/v7e-m/fpv4-sp/hard/crtbegin.o
 *(.bss*)
 .bss.trenutni_korak
                0x00000000200000b8        0x1 Core/Src/user_main.o
                0x00000000200000b8                trenutni_korak
 .bss.tmp       0x00000000200000b9        0x1 Core/Src/user_main.o
                0x00000000200000b9                tmp
 .bss.flg       0x00000000200000ba        0x1 Core/Src/user_main.o
                0x00000000200000ba                flg
 *fill*         0x00000000200000bb        0x1 
 .bss.x         0x00000000200000bc        0x4 Core/lib/modules/odometrija/odometrija.o
                0x00000000200000bc                x
 .bss.y         0x00000000200000c0        0x4 Core/lib/modules/odometrija/odometrija.o
                0x00000000200000c0                y
 .bss.theta     0x00000000200000c4        0x4 Core/lib/modules/odometrija/odometrija.o
                0x00000000200000c4                theta
 .bss.v         0x00000000200000c8        0x4 Core/lib/modules/odometrija/odometrija.o
                0x00000000200000c8                v
 .bss.w         0x00000000200000cc        0x4 Core/lib/modules/odometrija/odometrija.o
                0x00000000200000cc                w
 .bss.v_r       0x00000000200000d0        0x4 Core/lib/modules/odometrija/odometrija.o
                0x00000000200000d0                v_r
 .bss.v_l       0x00000000200000d4        0x4 Core/lib/modules/odometrija/odometrija.o
                0x00000000200000d4                v_l
 .bss.motor_r_output
                0x00000000200000d8        0x4 Core/lib/modules/pogon/pogon.o
                0x00000000200000d8                motor_r_output
 .bss.motor_l_output
                0x00000000200000dc        0x4 Core/lib/modules/pogon/pogon.o
                0x00000000200000dc                motor_l_output
 .bss.motor_r_prev_error
                0x00000000200000e0        0x4 Core/lib/modules/pogon/pogon.o
                0x00000000200000e0                motor_r_prev_error
 .bss.motor_l_prev_error
                0x00000000200000e4        0x4 Core/lib/modules/pogon/pogon.o
                0x00000000200000e4                motor_l_prev_error
 .bss.vr_m      0x00000000200000e8        0x4 Core/lib/modules/pogon/pogon.o
                0x00000000200000e8                vr_m
 .bss.vl_m      0x00000000200000ec        0x4 Core/lib/modules/pogon/pogon.o
                0x00000000200000ec                vl_m
 .bss.vr_ref    0x00000000200000f0        0x4 Core/lib/modules/pogon/pogon.o
                0x00000000200000f0                vr_ref
 .bss.vl_ref    0x00000000200000f4        0x4 Core/lib/modules/pogon/pogon.o
                0x00000000200000f4                vl_ref
 .bss.vr_trapez
                0x00000000200000f8        0x4 Core/lib/modules/pogon/pogon.o
                0x00000000200000f8                vr_trapez
 .bss.vl_trapez
                0x00000000200000fc        0x4 Core/lib/modules/pogon/pogon.o
                0x00000000200000fc                vl_trapez
 .bss.flg_reverse
                0x0000000020000100        0x4 Core/lib/modules/pozicija/pozicija.o
                0x0000000020000100                flg_reverse
 .bss.current_motion_state
                0x0000000020000104        0x1 Core/lib/modules/pozicija/pozicija.o
                0x0000000020000104                current_motion_state
 *fill*         0x0000000020000105        0x3 
 .bss.v_ref     0x0000000020000108        0x4 Core/lib/modules/pozicija/pozicija.o
                0x0000000020000108                v_ref
 .bss.w_ref     0x000000002000010c        0x4 Core/lib/modules/pozicija/pozicija.o
                0x000000002000010c                w_ref
 .bss.sys_ms    0x0000000020000110        0x4 Core/lib/peripheries/timer/timer.o
                0x0000000020000110                sys_ms
 .bss.timeout_ms
                0x0000000020000114        0x4 Core/lib/peripheries/timer/timer.o
                0x0000000020000114                timeout_ms
 .bss.timeout_flgs
                0x0000000020000118        0x1 Core/lib/peripheries/timer/timer.o
                0x0000000020000118                timeout_flgs
 *(COMMON)
 *fill*         0x0000000020000119        0x3 
 COMMON         0x000000002000011c      0x140 Core/Src/tim.o
                0x000000002000011c                htim4
                0x000000002000015c                htim5
                0x000000002000019c                htim3
                0x00000000200001dc                htim1
                0x000000002000021c                htim2
 COMMON         0x000000002000025c       0x40 Core/Src/usart.o
                0x000000002000025c                huart2
 COMMON         0x000000002000029c        0x8 Core/lib/modules/odometrija/odometrija.o
                0x000000002000029c                enc_r
                0x00000000200002a0                enc_l
 COMMON         0x00000000200002a4       0x10 Core/lib/modules/pogon/pogon.o
                0x00000000200002a4                error_l
                0x00000000200002a8                voltage_l_ref
                0x00000000200002ac                voltage_r_ref
                0x00000000200002b0                error_r
 COMMON         0x00000000200002b4       0x24 Core/lib/modules/pozicija/pozicija.o
                0x00000000200002b4                x_ref
                0x00000000200002b8                phi_error
                0x00000000200002bc                phi
                0x00000000200002c0                distance
                0x00000000200002c4                theta_ref
                0x00000000200002c8                dx
                0x00000000200002cc                dy
                0x00000000200002d0                y_ref
                0x00000000200002d4                theta_error
 COMMON         0x00000000200002d8        0x4 Drivers/STM32F4xx_HAL_Driver/Src/stm32f4xx_hal.o
                0x00000000200002d8                uwTick
                0x00000000200002dc                . = ALIGN (0x4)
                0x00000000200002dc                _ebss = .
                0x00000000200002dc                __bss_end__ = _ebss

._user_heap_stack
                0x00000000200002dc      0x604 load address 0x0000000008006718
                0x00000000200002e0                . = ALIGN (0x8)
 *fill*         0x00000000200002dc        0x4 
                0x00000000200002e0                PROVIDE (end = .)
                [!provide]                        PROVIDE (_end = .)
                0x00000000200004e0                . = (. + _Min_Heap_Size)
 *fill*         0x00000000200002e0      0x200 
                0x00000000200008e0                . = (. + _Min_Stack_Size)
 *fill*         0x00000000200004e0      0x400 
                0x00000000200008e0                . = ALIGN (0x8)

/DISCARD/
 libc.a(*)
 libm.a(*)
 libgcc.a(*)

.ARM.attributes
                0x0000000000000000       0x30
 *(.ARM.attributes)
 .ARM.attributes
                0x0000000000000000       0x22 c:/st/stm32cubeide_1.2.0/stm32cubeide/plugins/com.st.stm32cube.ide.mcu.externaltools.gnu-tools-for-stm32.7-2018-q2-update.win32_1.0.0.201904181610/tools/bin/../lib/gcc/arm-none-eabi/7.3.1/thumb/v7e-m/fpv4-sp/hard/crti.o
 .ARM.attributes
                0x0000000000000022       0x34 c:/st/stm32cubeide_1.2.0/stm32cubeide/plugins/com.st.stm32cube.ide.mcu.externaltools.gnu-tools-for-stm32.7-2018-q2-update.win32_1.0.0.201904181610/tools/bin/../lib/gcc/arm-none-eabi/7.3.1/thumb/v7e-m/fpv4-sp/hard/crtbegin.o
 .ARM.attributes
                0x0000000000000056       0x39 Core/Src/gpio.o
 .ARM.attributes
                0x000000000000008f       0x39 Core/Src/main.o
 .ARM.attributes
                0x00000000000000c8       0x39 Core/Src/stm32f4xx_hal_msp.o
 .ARM.attributes
                0x0000000000000101       0x39 Core/Src/stm32f4xx_it.o
 .ARM.attributes
                0x000000000000013a       0x39 Core/Src/system_stm32f4xx.o
 .ARM.attributes
                0x0000000000000173       0x39 Core/Src/tim.o
 .ARM.attributes
                0x00000000000001ac       0x39 Core/Src/usart.o
 .ARM.attributes
                0x00000000000001e5       0x39 Core/Src/user_main.o
 .ARM.attributes
                0x000000000000021e       0x21 Core/Startup/startup_stm32f401retx.o
 .ARM.attributes
                0x000000000000023f       0x39 Core/lib/modules/odometrija/odometrija.o
 .ARM.attributes
                0x0000000000000278       0x39 Core/lib/modules/pogon/pogon.o
 .ARM.attributes
                0x00000000000002b1       0x39 Core/lib/modules/pozicija/pozicija.o
 .ARM.attributes
                0x00000000000002ea       0x39 Core/lib/peripheries/encoder/encoder.o
 .ARM.attributes
                0x0000000000000323       0x39 Core/lib/peripheries/timer/timer.o
 .ARM.attributes
                0x000000000000035c       0x39 Drivers/STM32F4xx_HAL_Driver/Src/stm32f4xx_hal.o
 .ARM.attributes
                0x0000000000000395       0x39 Drivers/STM32F4xx_HAL_Driver/Src/stm32f4xx_hal_cortex.o
 .ARM.attributes
                0x00000000000003ce       0x39 Drivers/STM32F4xx_HAL_Driver/Src/stm32f4xx_hal_gpio.o
 .ARM.attributes
                0x0000000000000407       0x39 Drivers/STM32F4xx_HAL_Driver/Src/stm32f4xx_hal_rcc.o
 .ARM.attributes
                0x0000000000000440       0x39 Drivers/STM32F4xx_HAL_Driver/Src/stm32f4xx_hal_tim.o
 .ARM.attributes
                0x0000000000000479       0x39 Drivers/STM32F4xx_HAL_Driver/Src/stm32f4xx_hal_tim_ex.o
 .ARM.attributes
                0x00000000000004b2       0x39 Drivers/STM32F4xx_HAL_Driver/Src/stm32f4xx_hal_uart.o
 .ARM.attributes
                0x00000000000004eb       0x34 c:/st/stm32cubeide_1.2.0/stm32cubeide/plugins/com.st.stm32cube.ide.mcu.externaltools.gnu-tools-for-stm32.7-2018-q2-update.win32_1.0.0.201904181610/tools/bin/../lib/gcc/arm-none-eabi/7.3.1/../../../../arm-none-eabi/lib/thumb/v7e-m/fpv4-sp/hard\libc_nano.a(lib_a-errno.o)
 .ARM.attributes
                0x000000000000051f       0x34 c:/st/stm32cubeide_1.2.0/stm32cubeide/plugins/com.st.stm32cube.ide.mcu.externaltools.gnu-tools-for-stm32.7-2018-q2-update.win32_1.0.0.201904181610/tools/bin/../lib/gcc/arm-none-eabi/7.3.1/../../../../arm-none-eabi/lib/thumb/v7e-m/fpv4-sp/hard\libc_nano.a(lib_a-impure.o)
 .ARM.attributes
                0x0000000000000553       0x34 c:/st/stm32cubeide_1.2.0/stm32cubeide/plugins/com.st.stm32cube.ide.mcu.externaltools.gnu-tools-for-stm32.7-2018-q2-update.win32_1.0.0.201904181610/tools/bin/../lib/gcc/arm-none-eabi/7.3.1/../../../../arm-none-eabi/lib/thumb/v7e-m/fpv4-sp/hard\libc_nano.a(lib_a-init.o)
 .ARM.attributes
                0x0000000000000587       0x34 c:/st/stm32cubeide_1.2.0/stm32cubeide/plugins/com.st.stm32cube.ide.mcu.externaltools.gnu-tools-for-stm32.7-2018-q2-update.win32_1.0.0.201904181610/tools/bin/../lib/gcc/arm-none-eabi/7.3.1/../../../../arm-none-eabi/lib/thumb/v7e-m/fpv4-sp/hard\libc_nano.a(lib_a-memset.o)
 .ARM.attributes
                0x00000000000005bb       0x34 c:/st/stm32cubeide_1.2.0/stm32cubeide/plugins/com.st.stm32cube.ide.mcu.externaltools.gnu-tools-for-stm32.7-2018-q2-update.win32_1.0.0.201904181610/tools/bin/../lib/gcc/arm-none-eabi/7.3.1/../../../../arm-none-eabi/lib/thumb/v7e-m/fpv4-sp/hard\libm.a(lib_a-sf_cos.o)
 .ARM.attributes
                0x00000000000005ef       0x34 c:/st/stm32cubeide_1.2.0/stm32cubeide/plugins/com.st.stm32cube.ide.mcu.externaltools.gnu-tools-for-stm32.7-2018-q2-update.win32_1.0.0.201904181610/tools/bin/../lib/gcc/arm-none-eabi/7.3.1/../../../../arm-none-eabi/lib/thumb/v7e-m/fpv4-sp/hard\libm.a(lib_a-sf_sin.o)
 .ARM.attributes
                0x0000000000000623       0x34 c:/st/stm32cubeide_1.2.0/stm32cubeide/plugins/com.st.stm32cube.ide.mcu.externaltools.gnu-tools-for-stm32.7-2018-q2-update.win32_1.0.0.201904181610/tools/bin/../lib/gcc/arm-none-eabi/7.3.1/../../../../arm-none-eabi/lib/thumb/v7e-m/fpv4-sp/hard\libm.a(lib_a-wf_atan2.o)
 .ARM.attributes
                0x0000000000000657       0x34 c:/st/stm32cubeide_1.2.0/stm32cubeide/plugins/com.st.stm32cube.ide.mcu.externaltools.gnu-tools-for-stm32.7-2018-q2-update.win32_1.0.0.201904181610/tools/bin/../lib/gcc/arm-none-eabi/7.3.1/../../../../arm-none-eabi/lib/thumb/v7e-m/fpv4-sp/hard\libm.a(lib_a-wf_sqrt.o)
 .ARM.attributes
                0x000000000000068b       0x34 c:/st/stm32cubeide_1.2.0/stm32cubeide/plugins/com.st.stm32cube.ide.mcu.externaltools.gnu-tools-for-stm32.7-2018-q2-update.win32_1.0.0.201904181610/tools/bin/../lib/gcc/arm-none-eabi/7.3.1/../../../../arm-none-eabi/lib/thumb/v7e-m/fpv4-sp/hard\libm.a(lib_a-ef_atan2.o)
 .ARM.attributes
                0x00000000000006bf       0x34 c:/st/stm32cubeide_1.2.0/stm32cubeide/plugins/com.st.stm32cube.ide.mcu.externaltools.gnu-tools-for-stm32.7-2018-q2-update.win32_1.0.0.201904181610/tools/bin/../lib/gcc/arm-none-eabi/7.3.1/../../../../arm-none-eabi/lib/thumb/v7e-m/fpv4-sp/hard\libm.a(lib_a-ef_rem_pio2.o)
 .ARM.attributes
                0x00000000000006f3       0x34 c:/st/stm32cubeide_1.2.0/stm32cubeide/plugins/com.st.stm32cube.ide.mcu.externaltools.gnu-tools-for-stm32.7-2018-q2-update.win32_1.0.0.201904181610/tools/bin/../lib/gcc/arm-none-eabi/7.3.1/../../../../arm-none-eabi/lib/thumb/v7e-m/fpv4-sp/hard\libm.a(lib_a-ef_sqrt.o)
 .ARM.attributes
                0x0000000000000727       0x34 c:/st/stm32cubeide_1.2.0/stm32cubeide/plugins/com.st.stm32cube.ide.mcu.externaltools.gnu-tools-for-stm32.7-2018-q2-update.win32_1.0.0.201904181610/tools/bin/../lib/gcc/arm-none-eabi/7.3.1/../../../../arm-none-eabi/lib/thumb/v7e-m/fpv4-sp/hard\libm.a(lib_a-kf_cos.o)
 .ARM.attributes
                0x000000000000075b       0x34 c:/st/stm32cubeide_1.2.0/stm32cubeide/plugins/com.st.stm32cube.ide.mcu.externaltools.gnu-tools-for-stm32.7-2018-q2-update.win32_1.0.0.201904181610/tools/bin/../lib/gcc/arm-none-eabi/7.3.1/../../../../arm-none-eabi/lib/thumb/v7e-m/fpv4-sp/hard\libm.a(lib_a-kf_rem_pio2.o)
 .ARM.attributes
                0x000000000000078f       0x34 c:/st/stm32cubeide_1.2.0/stm32cubeide/plugins/com.st.stm32cube.ide.mcu.externaltools.gnu-tools-for-stm32.7-2018-q2-update.win32_1.0.0.201904181610/tools/bin/../lib/gcc/arm-none-eabi/7.3.1/../../../../arm-none-eabi/lib/thumb/v7e-m/fpv4-sp/hard\libm.a(lib_a-kf_sin.o)
 .ARM.attributes
                0x00000000000007c3       0x34 c:/st/stm32cubeide_1.2.0/stm32cubeide/plugins/com.st.stm32cube.ide.mcu.externaltools.gnu-tools-for-stm32.7-2018-q2-update.win32_1.0.0.201904181610/tools/bin/../lib/gcc/arm-none-eabi/7.3.1/../../../../arm-none-eabi/lib/thumb/v7e-m/fpv4-sp/hard\libm.a(lib_a-s_lib_ver.o)
 .ARM.attributes
                0x00000000000007f7       0x34 c:/st/stm32cubeide_1.2.0/stm32cubeide/plugins/com.st.stm32cube.ide.mcu.externaltools.gnu-tools-for-stm32.7-2018-q2-update.win32_1.0.0.201904181610/tools/bin/../lib/gcc/arm-none-eabi/7.3.1/../../../../arm-none-eabi/lib/thumb/v7e-m/fpv4-sp/hard\libm.a(lib_a-s_matherr.o)
 .ARM.attributes
                0x000000000000082b       0x34 c:/st/stm32cubeide_1.2.0/stm32cubeide/plugins/com.st.stm32cube.ide.mcu.externaltools.gnu-tools-for-stm32.7-2018-q2-update.win32_1.0.0.201904181610/tools/bin/../lib/gcc/arm-none-eabi/7.3.1/../../../../arm-none-eabi/lib/thumb/v7e-m/fpv4-sp/hard\libm.a(lib_a-sf_atan.o)
 .ARM.attributes
                0x000000000000085f       0x34 c:/st/stm32cubeide_1.2.0/stm32cubeide/plugins/com.st.stm32cube.ide.mcu.externaltools.gnu-tools-for-stm32.7-2018-q2-update.win32_1.0.0.201904181610/tools/bin/../lib/gcc/arm-none-eabi/7.3.1/../../../../arm-none-eabi/lib/thumb/v7e-m/fpv4-sp/hard\libm.a(lib_a-sf_fabs.o)
 .ARM.attributes
                0x0000000000000893       0x34 c:/st/stm32cubeide_1.2.0/stm32cubeide/plugins/com.st.stm32cube.ide.mcu.externaltools.gnu-tools-for-stm32.7-2018-q2-update.win32_1.0.0.201904181610/tools/bin/../lib/gcc/arm-none-eabi/7.3.1/../../../../arm-none-eabi/lib/thumb/v7e-m/fpv4-sp/hard\libm.a(lib_a-sf_floor.o)
 .ARM.attributes
                0x00000000000008c7       0x34 c:/st/stm32cubeide_1.2.0/stm32cubeide/plugins/com.st.stm32cube.ide.mcu.externaltools.gnu-tools-for-stm32.7-2018-q2-update.win32_1.0.0.201904181610/tools/bin/../lib/gcc/arm-none-eabi/7.3.1/../../../../arm-none-eabi/lib/thumb/v7e-m/fpv4-sp/hard\libm.a(lib_a-sf_scalbn.o)
 .ARM.attributes
                0x00000000000008fb       0x34 c:/st/stm32cubeide_1.2.0/stm32cubeide/plugins/com.st.stm32cube.ide.mcu.externaltools.gnu-tools-for-stm32.7-2018-q2-update.win32_1.0.0.201904181610/tools/bin/../lib/gcc/arm-none-eabi/7.3.1/../../../../arm-none-eabi/lib/thumb/v7e-m/fpv4-sp/hard\libm.a(lib_a-sf_copysign.o)
 .ARM.attributes
                0x000000000000092f       0x22 c:/st/stm32cubeide_1.2.0/stm32cubeide/plugins/com.st.stm32cube.ide.mcu.externaltools.gnu-tools-for-stm32.7-2018-q2-update.win32_1.0.0.201904181610/tools/bin/../lib/gcc/arm-none-eabi/7.3.1/thumb/v7e-m/fpv4-sp/hard\libgcc.a(_arm_addsubdf3.o)
 .ARM.attributes
                0x0000000000000951       0x22 c:/st/stm32cubeide_1.2.0/stm32cubeide/plugins/com.st.stm32cube.ide.mcu.externaltools.gnu-tools-for-stm32.7-2018-q2-update.win32_1.0.0.201904181610/tools/bin/../lib/gcc/arm-none-eabi/7.3.1/thumb/v7e-m/fpv4-sp/hard\libgcc.a(_arm_muldivdf3.o)
 .ARM.attributes
                0x0000000000000973       0x22 c:/st/stm32cubeide_1.2.0/stm32cubeide/plugins/com.st.stm32cube.ide.mcu.externaltools.gnu-tools-for-stm32.7-2018-q2-update.win32_1.0.0.201904181610/tools/bin/../lib/gcc/arm-none-eabi/7.3.1/thumb/v7e-m/fpv4-sp/hard\libgcc.a(_arm_cmpdf2.o)
 .ARM.attributes
                0x0000000000000995       0x22 c:/st/stm32cubeide_1.2.0/stm32cubeide/plugins/com.st.stm32cube.ide.mcu.externaltools.gnu-tools-for-stm32.7-2018-q2-update.win32_1.0.0.201904181610/tools/bin/../lib/gcc/arm-none-eabi/7.3.1/thumb/v7e-m/fpv4-sp/hard\libgcc.a(_arm_fixunsdfsi.o)
 .ARM.attributes
                0x00000000000009b7       0x22 c:/st/stm32cubeide_1.2.0/stm32cubeide/plugins/com.st.stm32cube.ide.mcu.externaltools.gnu-tools-for-stm32.7-2018-q2-update.win32_1.0.0.201904181610/tools/bin/../lib/gcc/arm-none-eabi/7.3.1/thumb/v7e-m/fpv4-sp/hard\libgcc.a(_arm_truncdfsf2.o)
 .ARM.attributes
                0x00000000000009d9       0x22 c:/st/stm32cubeide_1.2.0/stm32cubeide/plugins/com.st.stm32cube.ide.mcu.externaltools.gnu-tools-for-stm32.7-2018-q2-update.win32_1.0.0.201904181610/tools/bin/../lib/gcc/arm-none-eabi/7.3.1/thumb/v7e-m/fpv4-sp/hard\libgcc.a(_aeabi_uldivmod.o)
 .ARM.attributes
                0x00000000000009fb       0x34 c:/st/stm32cubeide_1.2.0/stm32cubeide/plugins/com.st.stm32cube.ide.mcu.externaltools.gnu-tools-for-stm32.7-2018-q2-update.win32_1.0.0.201904181610/tools/bin/../lib/gcc/arm-none-eabi/7.3.1/thumb/v7e-m/fpv4-sp/hard\libgcc.a(_udivmoddi4.o)
 .ARM.attributes
                0x0000000000000a2f       0x22 c:/st/stm32cubeide_1.2.0/stm32cubeide/plugins/com.st.stm32cube.ide.mcu.externaltools.gnu-tools-for-stm32.7-2018-q2-update.win32_1.0.0.201904181610/tools/bin/../lib/gcc/arm-none-eabi/7.3.1/thumb/v7e-m/fpv4-sp/hard\libgcc.a(_dvmd_tls.o)
 .ARM.attributes
                0x0000000000000a51       0x22 c:/st/stm32cubeide_1.2.0/stm32cubeide/plugins/com.st.stm32cube.ide.mcu.externaltools.gnu-tools-for-stm32.7-2018-q2-update.win32_1.0.0.201904181610/tools/bin/../lib/gcc/arm-none-eabi/7.3.1/thumb/v7e-m/fpv4-sp/hard/crtn.o
OUTPUT(Robot.elf elf32-littlearm)

.debug_info     0x0000000000000000     0xf022
 .debug_info    0x0000000000000000      0x4f2 Core/Src/gpio.o
 .debug_info    0x00000000000004f2      0xc49 Core/Src/main.o
 .debug_info    0x000000000000113b      0x38c Core/Src/stm32f4xx_hal_msp.o
 .debug_info    0x00000000000014c7      0x6e3 Core/Src/stm32f4xx_it.o
 .debug_info    0x0000000000001baa      0x57e Core/Src/system_stm32f4xx.o
 .debug_info    0x0000000000002128      0xfba Core/Src/tim.o
 .debug_info    0x00000000000030e2      0x96c Core/Src/usart.o
 .debug_info    0x0000000000003a4e     0x12fc Core/Src/user_main.o
 .debug_info    0x0000000000004d4a       0x22 Core/Startup/startup_stm32f401retx.o
 .debug_info    0x0000000000004d6c      0xb12 Core/lib/modules/odometrija/odometrija.o
 .debug_info    0x000000000000587e     0x100f Core/lib/modules/pogon/pogon.o
 .debug_info    0x000000000000688d      0xc60 Core/lib/modules/pozicija/pozicija.o
 .debug_info    0x00000000000074ed      0x2f7 Core/lib/peripheries/encoder/encoder.o
 .debug_info    0x00000000000077e4      0x89b Core/lib/peripheries/timer/timer.o
 .debug_info    0x000000000000807f      0x8d3 Drivers/STM32F4xx_HAL_Driver/Src/stm32f4xx_hal.o
 .debug_info    0x0000000000008952      0xd92 Drivers/STM32F4xx_HAL_Driver/Src/stm32f4xx_hal_cortex.o
 .debug_info    0x00000000000096e4      0x7dc Drivers/STM32F4xx_HAL_Driver/Src/stm32f4xx_hal_gpio.o
 .debug_info    0x0000000000009ec0      0x92e Drivers/STM32F4xx_HAL_Driver/Src/stm32f4xx_hal_rcc.o
 .debug_info    0x000000000000a7ee     0x24a1 Drivers/STM32F4xx_HAL_Driver/Src/stm32f4xx_hal_tim.o
 .debug_info    0x000000000000cc8f     0x114f Drivers/STM32F4xx_HAL_Driver/Src/stm32f4xx_hal_tim_ex.o
 .debug_info    0x000000000000ddde     0x1244 Drivers/STM32F4xx_HAL_Driver/Src/stm32f4xx_hal_uart.o

.debug_abbrev   0x0000000000000000     0x25b8
 .debug_abbrev  0x0000000000000000      0x134 Core/Src/gpio.o
 .debug_abbrev  0x0000000000000134      0x1a8 Core/Src/main.o
 .debug_abbrev  0x00000000000002dc      0x109 Core/Src/stm32f4xx_hal_msp.o
 .debug_abbrev  0x00000000000003e5      0x169 Core/Src/stm32f4xx_it.o
 .debug_abbrev  0x000000000000054e      0x12b Core/Src/system_stm32f4xx.o
 .debug_abbrev  0x0000000000000679      0x205 Core/Src/tim.o
 .debug_abbrev  0x000000000000087e      0x199 Core/Src/usart.o
 .debug_abbrev  0x0000000000000a17      0x215 Core/Src/user_main.o
 .debug_abbrev  0x0000000000000c2c       0x12 Core/Startup/startup_stm32f401retx.o
 .debug_abbrev  0x0000000000000c3e      0x209 Core/lib/modules/odometrija/odometrija.o
 .debug_abbrev  0x0000000000000e47      0x289 Core/lib/modules/pogon/pogon.o
 .debug_abbrev  0x00000000000010d0      0x230 Core/lib/modules/pozicija/pozicija.o
 .debug_abbrev  0x0000000000001300      0x10d Core/lib/peripheries/encoder/encoder.o
 .debug_abbrev  0x000000000000140d      0x1f4 Core/lib/peripheries/timer/timer.o
 .debug_abbrev  0x0000000000001601      0x1f2 Drivers/STM32F4xx_HAL_Driver/Src/stm32f4xx_hal.o
 .debug_abbrev  0x00000000000017f3      0x2fa Drivers/STM32F4xx_HAL_Driver/Src/stm32f4xx_hal_cortex.o
 .debug_abbrev  0x0000000000001aed      0x1c9 Drivers/STM32F4xx_HAL_Driver/Src/stm32f4xx_hal_gpio.o
 .debug_abbrev  0x0000000000001cb6      0x245 Drivers/STM32F4xx_HAL_Driver/Src/stm32f4xx_hal_rcc.o
 .debug_abbrev  0x0000000000001efb      0x23f Drivers/STM32F4xx_HAL_Driver/Src/stm32f4xx_hal_tim.o
 .debug_abbrev  0x000000000000213a      0x22d Drivers/STM32F4xx_HAL_Driver/Src/stm32f4xx_hal_tim_ex.o
 .debug_abbrev  0x0000000000002367      0x251 Drivers/STM32F4xx_HAL_Driver/Src/stm32f4xx_hal_uart.o

.debug_aranges  0x0000000000000000      0xca0
 .debug_aranges
                0x0000000000000000       0x20 Core/Src/gpio.o
 .debug_aranges
                0x0000000000000020       0x30 Core/Src/main.o
 .debug_aranges
                0x0000000000000050       0x20 Core/Src/stm32f4xx_hal_msp.o
 .debug_aranges
                0x0000000000000070       0x68 Core/Src/stm32f4xx_it.o
 .debug_aranges
                0x00000000000000d8       0x28 Core/Src/system_stm32f4xx.o
 .debug_aranges
                0x0000000000000100       0x78 Core/Src/tim.o
 .debug_aranges
                0x0000000000000178       0x30 Core/Src/usart.o
 .debug_aranges
                0x00000000000001a8       0x28 Core/Src/user_main.o
 .debug_aranges
                0x00000000000001d0       0x28 Core/Startup/startup_stm32f401retx.o
 .debug_aranges
                0x00000000000001f8       0x28 Core/lib/modules/odometrija/odometrija.o
 .debug_aranges
                0x0000000000000220       0x48 Core/lib/modules/pogon/pogon.o
 .debug_aranges
                0x0000000000000268       0x28 Core/lib/modules/pozicija/pozicija.o
 .debug_aranges
                0x0000000000000290       0x30 Core/lib/peripheries/encoder/encoder.o
 .debug_aranges
                0x00000000000002c0       0x30 Core/lib/peripheries/timer/timer.o
 .debug_aranges
                0x00000000000002f0       0xf0 Drivers/STM32F4xx_HAL_Driver/Src/stm32f4xx_hal.o
 .debug_aranges
                0x00000000000003e0      0x118 Drivers/STM32F4xx_HAL_Driver/Src/stm32f4xx_hal_cortex.o
 .debug_aranges
                0x00000000000004f8       0x58 Drivers/STM32F4xx_HAL_Driver/Src/stm32f4xx_hal_gpio.o
 .debug_aranges
                0x0000000000000550       0x88 Drivers/STM32F4xx_HAL_Driver/Src/stm32f4xx_hal_rcc.o
 .debug_aranges
                0x00000000000005d8      0x3a8 Drivers/STM32F4xx_HAL_Driver/Src/stm32f4xx_hal_tim.o
 .debug_aranges
                0x0000000000000980      0x150 Drivers/STM32F4xx_HAL_Driver/Src/stm32f4xx_hal_tim_ex.o
 .debug_aranges
                0x0000000000000ad0      0x1d0 Drivers/STM32F4xx_HAL_Driver/Src/stm32f4xx_hal_uart.o

.debug_ranges   0x0000000000000000      0xb58
 .debug_ranges  0x0000000000000000       0x10 Core/Src/gpio.o
 .debug_ranges  0x0000000000000010       0x20 Core/Src/main.o
 .debug_ranges  0x0000000000000030       0x10 Core/Src/stm32f4xx_hal_msp.o
 .debug_ranges  0x0000000000000040       0x58 Core/Src/stm32f4xx_it.o
 .debug_ranges  0x0000000000000098       0x18 Core/Src/system_stm32f4xx.o
 .debug_ranges  0x00000000000000b0       0x68 Core/Src/tim.o
 .debug_ranges  0x0000000000000118       0x20 Core/Src/usart.o
 .debug_ranges  0x0000000000000138       0x18 Core/Src/user_main.o
 .debug_ranges  0x0000000000000150       0x20 Core/Startup/startup_stm32f401retx.o
 .debug_ranges  0x0000000000000170       0x18 Core/lib/modules/odometrija/odometrija.o
 .debug_ranges  0x0000000000000188       0x38 Core/lib/modules/pogon/pogon.o
 .debug_ranges  0x00000000000001c0       0x18 Core/lib/modules/pozicija/pozicija.o
 .debug_ranges  0x00000000000001d8       0x20 Core/lib/peripheries/encoder/encoder.o
 .debug_ranges  0x00000000000001f8       0x20 Core/lib/peripheries/timer/timer.o
 .debug_ranges  0x0000000000000218       0xe0 Drivers/STM32F4xx_HAL_Driver/Src/stm32f4xx_hal.o
 .debug_ranges  0x00000000000002f8      0x108 Drivers/STM32F4xx_HAL_Driver/Src/stm32f4xx_hal_cortex.o
 .debug_ranges  0x0000000000000400       0x48 Drivers/STM32F4xx_HAL_Driver/Src/stm32f4xx_hal_gpio.o
 .debug_ranges  0x0000000000000448       0x78 Drivers/STM32F4xx_HAL_Driver/Src/stm32f4xx_hal_rcc.o
 .debug_ranges  0x00000000000004c0      0x398 Drivers/STM32F4xx_HAL_Driver/Src/stm32f4xx_hal_tim.o
 .debug_ranges  0x0000000000000858      0x140 Drivers/STM32F4xx_HAL_Driver/Src/stm32f4xx_hal_tim_ex.o
 .debug_ranges  0x0000000000000998      0x1c0 Drivers/STM32F4xx_HAL_Driver/Src/stm32f4xx_hal_uart.o

.debug_macro    0x0000000000000000    0x16dac
 .debug_macro   0x0000000000000000      0x1e7 Core/Src/gpio.o
 .debug_macro   0x00000000000001e7      0xa5a Core/Src/gpio.o
 .debug_macro   0x0000000000000c41      0x18a Core/Src/gpio.o
 .debug_macro   0x0000000000000dcb       0x32 Core/Src/gpio.o
 .debug_macro   0x0000000000000dfd       0x28 Core/Src/gpio.o
 .debug_macro   0x0000000000000e25       0x22 Core/Src/gpio.o
 .debug_macro   0x0000000000000e47       0x8e Core/Src/gpio.o
 .debug_macro   0x0000000000000ed5       0x51 Core/Src/gpio.o
 .debug_macro   0x0000000000000f26       0xef Core/Src/gpio.o
 .debug_macro   0x0000000000001015       0x6a Core/Src/gpio.o
 .debug_macro   0x000000000000107f      0x1df Core/Src/gpio.o
 .debug_macro   0x000000000000125e       0x1c Core/Src/gpio.o
 .debug_macro   0x000000000000127a       0x22 Core/Src/gpio.o
 .debug_macro   0x000000000000129c       0xdf Core/Src/gpio.o
 .debug_macro   0x000000000000137b     0x102d Core/Src/gpio.o
 .debug_macro   0x00000000000023a8      0x11f Core/Src/gpio.o
 .debug_macro   0x00000000000024c7     0xb850 Core/Src/gpio.o
 .debug_macro   0x000000000000dd17       0x43 Core/Src/gpio.o
 .debug_macro   0x000000000000dd5a     0x3652 Core/Src/gpio.o
 .debug_macro   0x00000000000113ac      0x174 Core/Src/gpio.o
 .debug_macro   0x0000000000011520       0x5a Core/Src/gpio.o
 .debug_macro   0x000000000001157a      0x416 Core/Src/gpio.o
 .debug_macro   0x0000000000011990      0x9fe Core/Src/gpio.o
 .debug_macro   0x000000000001238e      0x15f Core/Src/gpio.o
 .debug_macro   0x00000000000124ed      0x117 Core/Src/gpio.o
 .debug_macro   0x0000000000012604       0xf8 Core/Src/gpio.o
 .debug_macro   0x00000000000126fc       0x27 Core/Src/gpio.o
 .debug_macro   0x0000000000012723      0x287 Core/Src/gpio.o
 .debug_macro   0x00000000000129aa       0x5f Core/Src/gpio.o
 .debug_macro   0x0000000000012a09      0x236 Core/Src/gpio.o
 .debug_macro   0x0000000000012c3f      0x132 Core/Src/gpio.o
 .debug_macro   0x0000000000012d71      0x264 Core/Src/gpio.o
 .debug_macro   0x0000000000012fd5       0x2e Core/Src/gpio.o
 .debug_macro   0x0000000000013003      0x11a Core/Src/gpio.o
 .debug_macro   0x000000000001311d       0x85 Core/Src/gpio.o
 .debug_macro   0x00000000000131a2       0x89 Core/Src/gpio.o
 .debug_macro   0x000000000001322b      0x8a0 Core/Src/gpio.o
 .debug_macro   0x0000000000013acb       0x47 Core/Src/gpio.o
 .debug_macro   0x0000000000013b12      0x287 Core/Src/gpio.o
 .debug_macro   0x0000000000013d99      0x126 Core/Src/gpio.o
 .debug_macro   0x0000000000013ebf       0xd0 Core/Src/gpio.o
 .debug_macro   0x0000000000013f8f      0x209 Core/Src/main.o
 .debug_macro   0x0000000000014198      0x1dd Core/Src/stm32f4xx_hal_msp.o
 .debug_macro   0x0000000000014375      0x1e7 Core/Src/stm32f4xx_it.o
 .debug_macro   0x000000000001455c      0x1d4 Core/Src/system_stm32f4xx.o
 .debug_macro   0x0000000000014730      0x1e7 Core/Src/tim.o
 .debug_macro   0x0000000000014917      0x1e7 Core/Src/usart.o
 .debug_macro   0x0000000000014afe      0x30c Core/Src/user_main.o
 .debug_macro   0x0000000000014e0a       0x10 Core/Src/user_main.o
 .debug_macro   0x0000000000014e1a       0xd6 Core/Src/user_main.o
 .debug_macro   0x0000000000014ef0       0x16 Core/Src/user_main.o
 .debug_macro   0x0000000000014f06       0x28 Core/Src/user_main.o
 .debug_macro   0x0000000000014f2e       0x46 Core/Src/user_main.o
 .debug_macro   0x0000000000014f74      0x32a Core/Src/user_main.o
 .debug_macro   0x000000000001529e       0x10 Core/Src/user_main.o
 .debug_macro   0x00000000000152ae       0x20 Core/Src/user_main.o
 .debug_macro   0x00000000000152ce      0x1e1 Core/Src/user_main.o
 .debug_macro   0x00000000000154af      0x27f Core/lib/modules/odometrija/odometrija.o
 .debug_macro   0x000000000001572e      0x298 Core/lib/modules/pogon/pogon.o
 .debug_macro   0x00000000000159c6      0x298 Core/lib/modules/pozicija/pozicija.o
 .debug_macro   0x0000000000015c5e      0x1de Core/lib/peripheries/encoder/encoder.o
 .debug_macro   0x0000000000015e3c      0x212 Core/lib/peripheries/timer/timer.o
 .debug_macro   0x000000000001604e      0x22e Drivers/STM32F4xx_HAL_Driver/Src/stm32f4xx_hal.o
 .debug_macro   0x000000000001627c      0x1ce Drivers/STM32F4xx_HAL_Driver/Src/stm32f4xx_hal_cortex.o
 .debug_macro   0x000000000001644a      0x204 Drivers/STM32F4xx_HAL_Driver/Src/stm32f4xx_hal_gpio.o
 .debug_macro   0x000000000001664e      0x1f2 Drivers/STM32F4xx_HAL_Driver/Src/stm32f4xx_hal_rcc.o
 .debug_macro   0x0000000000016840      0x1cf Drivers/STM32F4xx_HAL_Driver/Src/stm32f4xx_hal_tim.o
 .debug_macro   0x0000000000016a0f      0x1ce Drivers/STM32F4xx_HAL_Driver/Src/stm32f4xx_hal_tim_ex.o
 .debug_macro   0x0000000000016bdd      0x1cf Drivers/STM32F4xx_HAL_Driver/Src/stm32f4xx_hal_uart.o

.debug_line     0x0000000000000000     0xbe0a
 .debug_line    0x0000000000000000      0x6de Core/Src/gpio.o
 .debug_line    0x00000000000006de      0x726 Core/Src/main.o
 .debug_line    0x0000000000000e04      0x6c1 Core/Src/stm32f4xx_hal_msp.o
 .debug_line    0x00000000000014c5      0x777 Core/Src/stm32f4xx_it.o
 .debug_line    0x0000000000001c3c      0x6dc Core/Src/system_stm32f4xx.o
 .debug_line    0x0000000000002318      0x838 Core/Src/tim.o
 .debug_line    0x0000000000002b50      0x6f5 Core/Src/usart.o
 .debug_line    0x0000000000003245      0x996 Core/Src/user_main.o
 .debug_line    0x0000000000003bdb       0x86 Core/Startup/startup_stm32f401retx.o
 .debug_line    0x0000000000003c61      0x855 Core/lib/modules/odometrija/odometrija.o
 .debug_line    0x00000000000044b6      0x951 Core/lib/modules/pogon/pogon.o
 .debug_line    0x0000000000004e07      0x90a Core/lib/modules/pozicija/pozicija.o
 .debug_line    0x0000000000005711      0x6f3 Core/lib/peripheries/encoder/encoder.o
 .debug_line    0x0000000000005e04      0x7a7 Core/lib/peripheries/timer/timer.o
 .debug_line    0x00000000000065ab      0x8c6 Drivers/STM32F4xx_HAL_Driver/Src/stm32f4xx_hal.o
 .debug_line    0x0000000000006e71      0x9ea Drivers/STM32F4xx_HAL_Driver/Src/stm32f4xx_hal_cortex.o
 .debug_line    0x000000000000785b      0x869 Drivers/STM32F4xx_HAL_Driver/Src/stm32f4xx_hal_gpio.o
 .debug_line    0x00000000000080c4      0x91e Drivers/STM32F4xx_HAL_Driver/Src/stm32f4xx_hal_rcc.o
 .debug_line    0x00000000000089e2     0x1783 Drivers/STM32F4xx_HAL_Driver/Src/stm32f4xx_hal_tim.o
 .debug_line    0x000000000000a165      0xcd1 Drivers/STM32F4xx_HAL_Driver/Src/stm32f4xx_hal_tim_ex.o
 .debug_line    0x000000000000ae36      0xfd4 Drivers/STM32F4xx_HAL_Driver/Src/stm32f4xx_hal_uart.o

.debug_str      0x0000000000000000    0x8b758
 .debug_str     0x0000000000000000    0x846ff Core/Src/gpio.o
                                      0x84993 (size before relaxing)
 .debug_str     0x00000000000846ff      0x6fb Core/Src/main.o
                                      0x8507d (size before relaxing)
 .debug_str     0x0000000000084dfa       0x2c Core/Src/stm32f4xx_hal_msp.o
                                      0x848f8 (size before relaxing)
 .debug_str     0x0000000000084e26       0xd6 Core/Src/stm32f4xx_it.o
                                      0x84cb2 (size before relaxing)
 .debug_str     0x0000000000084efc       0xc4 Core/Src/system_stm32f4xx.o
                                      0x84662 (size before relaxing)
 .debug_str     0x0000000000084fc0      0x638 Core/Src/tim.o
                                      0x85402 (size before relaxing)
 .debug_str     0x00000000000855f8       0x57 Core/Src/usart.o
                                      0x84dd3 (size before relaxing)
 .debug_str     0x000000000008564f     0x3a74 Core/Src/user_main.o
                                      0x88937 (size before relaxing)
 .debug_str     0x00000000000890c3       0x36 Core/Startup/startup_stm32f401retx.o
                                         0x5c (size before relaxing)
 .debug_str     0x00000000000890f9       0x82 Core/lib/modules/odometrija/odometrija.o
                                      0x87d31 (size before relaxing)
 .debug_str     0x000000000008917b      0x187 Core/lib/modules/pogon/pogon.o
                                      0x8832f (size before relaxing)
 .debug_str     0x0000000000089302       0x9a Core/lib/modules/pozicija/pozicija.o
                                      0x881b8 (size before relaxing)
 .debug_str     0x000000000008939c       0x5e Core/lib/peripheries/encoder/encoder.o
                                      0x84567 (size before relaxing)
 .debug_str     0x00000000000893fa       0x68 Core/lib/peripheries/timer/timer.o
                                      0x84e6b (size before relaxing)
 .debug_str     0x0000000000089462      0x58d Drivers/STM32F4xx_HAL_Driver/Src/stm32f4xx_hal.o
                                      0x84fcd (size before relaxing)
 .debug_str     0x00000000000899ef      0x399 Drivers/STM32F4xx_HAL_Driver/Src/stm32f4xx_hal_cortex.o
                                      0x84daa (size before relaxing)
 .debug_str     0x0000000000089d88      0x20c Drivers/STM32F4xx_HAL_Driver/Src/stm32f4xx_hal_gpio.o
                                      0x848a1 (size before relaxing)
 .debug_str     0x0000000000089f94      0x259 Drivers/STM32F4xx_HAL_Driver/Src/stm32f4xx_hal_rcc.o
                                      0x84a4f (size before relaxing)
 .debug_str     0x000000000008a1ed      0xbad Drivers/STM32F4xx_HAL_Driver/Src/stm32f4xx_hal_tim.o
                                      0x8575c (size before relaxing)
 .debug_str     0x000000000008ad9a      0x4a2 Drivers/STM32F4xx_HAL_Driver/Src/stm32f4xx_hal_tim_ex.o
                                      0x84f5c (size before relaxing)
 .debug_str     0x000000000008b23c      0x51c Drivers/STM32F4xx_HAL_Driver/Src/stm32f4xx_hal_uart.o
                                      0x84e9c (size before relaxing)

.comment        0x0000000000000000       0x7b
 .comment       0x0000000000000000       0x7b Core/Src/gpio.o
                                         0x7c (size before relaxing)
 .comment       0x000000000000007b       0x7c Core/Src/main.o
 .comment       0x000000000000007b       0x7c Core/Src/stm32f4xx_hal_msp.o
 .comment       0x000000000000007b       0x7c Core/Src/stm32f4xx_it.o
 .comment       0x000000000000007b       0x7c Core/Src/system_stm32f4xx.o
 .comment       0x000000000000007b       0x7c Core/Src/tim.o
 .comment       0x000000000000007b       0x7c Core/Src/usart.o
 .comment       0x000000000000007b       0x7c Core/Src/user_main.o
 .comment       0x000000000000007b       0x7c Core/lib/modules/odometrija/odometrija.o
 .comment       0x000000000000007b       0x7c Core/lib/modules/pogon/pogon.o
 .comment       0x000000000000007b       0x7c Core/lib/modules/pozicija/pozicija.o
 .comment       0x000000000000007b       0x7c Core/lib/peripheries/encoder/encoder.o
 .comment       0x000000000000007b       0x7c Core/lib/peripheries/timer/timer.o
 .comment       0x000000000000007b       0x7c Drivers/STM32F4xx_HAL_Driver/Src/stm32f4xx_hal.o
 .comment       0x000000000000007b       0x7c Drivers/STM32F4xx_HAL_Driver/Src/stm32f4xx_hal_cortex.o
 .comment       0x000000000000007b       0x7c Drivers/STM32F4xx_HAL_Driver/Src/stm32f4xx_hal_gpio.o
 .comment       0x000000000000007b       0x7c Drivers/STM32F4xx_HAL_Driver/Src/stm32f4xx_hal_rcc.o
 .comment       0x000000000000007b       0x7c Drivers/STM32F4xx_HAL_Driver/Src/stm32f4xx_hal_tim.o
 .comment       0x000000000000007b       0x7c Drivers/STM32F4xx_HAL_Driver/Src/stm32f4xx_hal_tim_ex.o
 .comment       0x000000000000007b       0x7c Drivers/STM32F4xx_HAL_Driver/Src/stm32f4xx_hal_uart.o

.debug_frame    0x0000000000000000     0x3778
 .debug_frame   0x0000000000000000       0x34 Core/Src/gpio.o
 .debug_frame   0x0000000000000034       0x70 Core/Src/main.o
 .debug_frame   0x00000000000000a4       0x38 Core/Src/stm32f4xx_hal_msp.o
 .debug_frame   0x00000000000000dc      0x128 Core/Src/stm32f4xx_it.o
 .debug_frame   0x0000000000000204       0x58 Core/Src/system_stm32f4xx.o
 .debug_frame   0x000000000000025c      0x1c8 Core/Src/tim.o
 .debug_frame   0x0000000000000424       0x74 Core/Src/usart.o
 .debug_frame   0x0000000000000498       0x48 Core/Src/user_main.o
 .debug_frame   0x00000000000004e0       0x6c Core/lib/modules/odometrija/odometrija.o
 .debug_frame   0x000000000000054c      0x104 Core/lib/modules/pogon/pogon.o
 .debug_frame   0x0000000000000650       0x58 Core/lib/modules/pozicija/pozicija.o
 .debug_frame   0x00000000000006a8       0x80 Core/lib/peripheries/encoder/encoder.o
 .debug_frame   0x0000000000000728       0x84 Core/lib/peripheries/timer/timer.o
 .debug_frame   0x00000000000007ac      0x374 Drivers/STM32F4xx_HAL_Driver/Src/stm32f4xx_hal.o
 .debug_frame   0x0000000000000b20      0x498 Drivers/STM32F4xx_HAL_Driver/Src/stm32f4xx_hal_cortex.o
 .debug_frame   0x0000000000000fb8      0x14c Drivers/STM32F4xx_HAL_Driver/Src/stm32f4xx_hal_gpio.o
 .debug_frame   0x0000000000001104      0x1f0 Drivers/STM32F4xx_HAL_Driver/Src/stm32f4xx_hal_rcc.o
 .debug_frame   0x00000000000012f4     0x10e8 Drivers/STM32F4xx_HAL_Driver/Src/stm32f4xx_hal_tim.o
 .debug_frame   0x00000000000023dc      0x5c0 Drivers/STM32F4xx_HAL_Driver/Src/stm32f4xx_hal_tim_ex.o
 .debug_frame   0x000000000000299c      0x844 Drivers/STM32F4xx_HAL_Driver/Src/stm32f4xx_hal_uart.o
 .debug_frame   0x00000000000031e0       0x20 c:/st/stm32cubeide_1.2.0/stm32cubeide/plugins/com.st.stm32cube.ide.mcu.externaltools.gnu-tools-for-stm32.7-2018-q2-update.win32_1.0.0.201904181610/tools/bin/../lib/gcc/arm-none-eabi/7.3.1/../../../../arm-none-eabi/lib/thumb/v7e-m/fpv4-sp/hard\libc_nano.a(lib_a-errno.o)
 .debug_frame   0x0000000000003200       0x2c c:/st/stm32cubeide_1.2.0/stm32cubeide/plugins/com.st.stm32cube.ide.mcu.externaltools.gnu-tools-for-stm32.7-2018-q2-update.win32_1.0.0.201904181610/tools/bin/../lib/gcc/arm-none-eabi/7.3.1/../../../../arm-none-eabi/lib/thumb/v7e-m/fpv4-sp/hard\libc_nano.a(lib_a-init.o)
 .debug_frame   0x000000000000322c       0x20 c:/st/stm32cubeide_1.2.0/stm32cubeide/plugins/com.st.stm32cube.ide.mcu.externaltools.gnu-tools-for-stm32.7-2018-q2-update.win32_1.0.0.201904181610/tools/bin/../lib/gcc/arm-none-eabi/7.3.1/../../../../arm-none-eabi/lib/thumb/v7e-m/fpv4-sp/hard\libc_nano.a(lib_a-memset.o)
 .debug_frame   0x000000000000324c       0x2c c:/st/stm32cubeide_1.2.0/stm32cubeide/plugins/com.st.stm32cube.ide.mcu.externaltools.gnu-tools-for-stm32.7-2018-q2-update.win32_1.0.0.201904181610/tools/bin/../lib/gcc/arm-none-eabi/7.3.1/../../../../arm-none-eabi/lib/thumb/v7e-m/fpv4-sp/hard\libm.a(lib_a-sf_cos.o)
 .debug_frame   0x0000000000003278       0x2c c:/st/stm32cubeide_1.2.0/stm32cubeide/plugins/com.st.stm32cube.ide.mcu.externaltools.gnu-tools-for-stm32.7-2018-q2-update.win32_1.0.0.201904181610/tools/bin/../lib/gcc/arm-none-eabi/7.3.1/../../../../arm-none-eabi/lib/thumb/v7e-m/fpv4-sp/hard\libm.a(lib_a-sf_sin.o)
 .debug_frame   0x00000000000032a4       0x20 c:/st/stm32cubeide_1.2.0/stm32cubeide/plugins/com.st.stm32cube.ide.mcu.externaltools.gnu-tools-for-stm32.7-2018-q2-update.win32_1.0.0.201904181610/tools/bin/../lib/gcc/arm-none-eabi/7.3.1/../../../../arm-none-eabi/lib/thumb/v7e-m/fpv4-sp/hard\libm.a(lib_a-wf_atan2.o)
 .debug_frame   0x00000000000032c4       0x40 c:/st/stm32cubeide_1.2.0/stm32cubeide/plugins/com.st.stm32cube.ide.mcu.externaltools.gnu-tools-for-stm32.7-2018-q2-update.win32_1.0.0.201904181610/tools/bin/../lib/gcc/arm-none-eabi/7.3.1/../../../../arm-none-eabi/lib/thumb/v7e-m/fpv4-sp/hard\libm.a(lib_a-wf_sqrt.o)
 .debug_frame   0x0000000000003304       0x30 c:/st/stm32cubeide_1.2.0/stm32cubeide/plugins/com.st.stm32cube.ide.mcu.externaltools.gnu-tools-for-stm32.7-2018-q2-update.win32_1.0.0.201904181610/tools/bin/../lib/gcc/arm-none-eabi/7.3.1/../../../../arm-none-eabi/lib/thumb/v7e-m/fpv4-sp/hard\libm.a(lib_a-ef_atan2.o)
 .debug_frame   0x0000000000003334       0x38 c:/st/stm32cubeide_1.2.0/stm32cubeide/plugins/com.st.stm32cube.ide.mcu.externaltools.gnu-tools-for-stm32.7-2018-q2-update.win32_1.0.0.201904181610/tools/bin/../lib/gcc/arm-none-eabi/7.3.1/../../../../arm-none-eabi/lib/thumb/v7e-m/fpv4-sp/hard\libm.a(lib_a-ef_rem_pio2.o)
 .debug_frame   0x000000000000336c       0x20 c:/st/stm32cubeide_1.2.0/stm32cubeide/plugins/com.st.stm32cube.ide.mcu.externaltools.gnu-tools-for-stm32.7-2018-q2-update.win32_1.0.0.201904181610/tools/bin/../lib/gcc/arm-none-eabi/7.3.1/../../../../arm-none-eabi/lib/thumb/v7e-m/fpv4-sp/hard\libm.a(lib_a-ef_sqrt.o)